<html>
<body>
<pre>
<h1>µVision Build Log</h1>
<h2>Tool Versions:</h2>
IDE-Version: ¦ÌVision V5.27.0.0
Copyright (C) 2018 ARM Ltd and ARM Germany GmbH. All rights reserved.
License Information: 1 2, 3, LIC=ATTQ1-CLGV9-UHU8H-WFTYR-E1BVN-C5PAJ
 
Tool Versions:
Toolchain:       MDK-ARM Plus  Version: 5.27.0.0
Toolchain Path:  C:\Keil_v5\ARM\ARMCC\Bin
C Compiler:      Armcc.exe V5.06 update 6 (build 750)
Assembler:       Armasm.exe V5.06 update 6 (build 750)
Linker/Locator:  ArmLink.exe V5.06 update 6 (build 750)
Library Manager: ArmAr.exe V5.06 update 6 (build 750)
Hex Converter:   FromElf.exe V5.06 update 6 (build 750)
CPU DLL:         SARMCM3.DLL V5.27.0.0
Dialog DLL:      DCM.DLL V1.17.2.0
Target DLL:      lmidk-agdi.dll V???
Dialog DLL:      TCM.DLL V1.36.1.0
 
<h2>Project:</h2>
D:\ARM_work\hw26-0672\mcu\S800.uvprojx
Project File Date:  06/08/2026

<h2>Output:</h2>
*** Using Compiler 'V5.06 update 6 (build 750)', folder: 'C:\Keil_v5\ARM\ARMCC\Bin'
Build target 'Target 1'
compiling main.c...
main.c(42): warning:  #2532-D: support for trigraphs is disabled
  /************************** ??????(?????) **************************/
main.c(353): warning:  #550-D: variable "result"  was set but never used
  	uint8_t result;
main.c(392): warning:  #550-D: variable "rop"  was set but never used
  	uint8_t value,rop;
main.c(441): warning:  #1-D: last line of file ends without a newline
  }
main.c: 4 warnings, 0 errors
compiling system_TM4C129.c...
linking...
Program Size: Code=4452 RO-data=2020 RW-data=68 ZI-data=660  
FromELF: creating hex file...
".\Objects\S800.axf" - 0 Error(s), 4 Warning(s).

<h2>Software Packages used:</h2>

Package Vendor: ARM
                http://www.keil.com/pack/ARM.CMSIS.5.4.0.pack
                ARM.CMSIS.5.4.0
                CMSIS (Cortex Microcontroller Software Interface Standard)
   * Component: CORE Version: 5.1.2

Package Vendor: Keil
                http://www.keil.com/pack/Keil.TM4C_DFP.1.1.0.pack
                Keil.TM4C_DFP.1.1.0
                Texas Instruments Tiva C Series Device Support and Examples
   * Component: Startup Version: 1.0.0

<h2>Collection of Component include folders:</h2>
  .\RTE\_Target_1
  C:\Keil_v5\ARM\PACK\ARM\CMSIS\5.4.0\CMSIS\Core\Include
  C:\Keil_v5\ARM\PACK\Keil\TM4C_DFP\1.1.0\Device\Include\TM4C129

<h2>Collection of Component Files used:</h2>

   * Component: ARM::CMSIS:CORE:5.1.2

   * Component: Keil::Device:Startup:1.0.0
      Include file:  Device\Include\TM4C129\TM4C129.h
      Source file:   Device\Source\ARM\startup_TM4C129.s
      Source file:   Device\Source\system_TM4C129.c
Build Time Elapsed:  00:00:01
</pre>
</body>
</html>
