Component: ARM Compiler 5.06 update 6 (build 750) Tool: armlink [4d35ed]

==============================================================================

Section Cross References

    main.o(i.Beeper_PWM_Init) refers to sysctl.o(i.SysCtlPeripheralEnable) for SysCtlPeripheralEnable
    main.o(i.Beeper_PWM_Init) refers to sysctl.o(i.SysCtlPeripheralReady) for SysCtlPeripheralReady
    main.o(i.Beeper_PWM_Init) refers to gpio.o(i.GPIOPinConfigure) for GPIOPinConfigure
    main.o(i.Beeper_PWM_Init) refers to gpio.o(i.GPIOPinTypePWM) for GPIOPinTypePWM
    main.o(i.Beeper_PWM_Init) refers to pwm.o(i.PWMGenConfigure) for PWMGenConfigure
    main.o(i.Beeper_PWM_Init) refers to pwm.o(i.PWMGenPeriodSet) for PWMGenPeriodSet
    main.o(i.Beeper_PWM_Init) refers to pwm.o(i.PWMGenPeriodGet) for PWMGenPeriodGet
    main.o(i.Beeper_PWM_Init) refers to pwm.o(i.PWMPulseWidthSet) for PWMPulseWidthSet
    main.o(i.Beeper_PWM_Init) refers to pwm.o(i.PWMOutputState) for PWMOutputState
    main.o(i.Beeper_PWM_Init) refers to main.o(.data) for ui32SysClock
    main.o(i.Boot_Sequence) refers to systick.o(i.SysTickIntDisable) for SysTickIntDisable
    main.o(i.Boot_Sequence) refers to main.o(i.ShowString) for ShowString
    main.o(i.Boot_Sequence) refers to aeabi_memset.o(.text) for __aeabi_memset
    main.o(i.Boot_Sequence) refers to systick.o(i.SysTickIntEnable) for SysTickIntEnable
    main.o(i.Boot_Sequence) refers to main.o(.data) for disp_buf
    main.o(i.CharToSeg7) refers to main.o(.data) for seg7
    main.o(i.Delay_us) refers to main.o(.data) for ui32SysClock
    main.o(i.I2C0_ReadByte) refers to i2c.o(i.I2CMasterBusy) for I2CMasterBusy
    main.o(i.I2C0_ReadByte) refers to i2c.o(i.I2CMasterSlaveAddrSet) for I2CMasterSlaveAddrSet
    main.o(i.I2C0_ReadByte) refers to i2c.o(i.I2CMasterDataPut) for I2CMasterDataPut
    main.o(i.I2C0_ReadByte) refers to i2c.o(i.I2CMasterControl) for I2CMasterControl
    main.o(i.I2C0_ReadByte) refers to i2c.o(i.I2CMasterBusBusy) for I2CMasterBusBusy
    main.o(i.I2C0_ReadByte) refers to i2c.o(i.I2CMasterErr) for I2CMasterErr
    main.o(i.I2C0_ReadByte) refers to main.o(i.Delay_us) for Delay_us
    main.o(i.I2C0_ReadByte) refers to i2c.o(i.I2CMasterDataGet) for I2CMasterDataGet
    main.o(i.I2C0_WriteByte) refers to i2c.o(i.I2CMasterBusy) for I2CMasterBusy
    main.o(i.I2C0_WriteByte) refers to i2c.o(i.I2CMasterSlaveAddrSet) for I2CMasterSlaveAddrSet
    main.o(i.I2C0_WriteByte) refers to i2c.o(i.I2CMasterDataPut) for I2CMasterDataPut
    main.o(i.I2C0_WriteByte) refers to i2c.o(i.I2CMasterControl) for I2CMasterControl
    main.o(i.I2C0_WriteByte) refers to i2c.o(i.I2CMasterErr) for I2CMasterErr
    main.o(i.S800_GPIO_Init) refers to sysctl.o(i.SysCtlPeripheralEnable) for SysCtlPeripheralEnable
    main.o(i.S800_GPIO_Init) refers to sysctl.o(i.SysCtlPeripheralReady) for SysCtlPeripheralReady
    main.o(i.S800_GPIO_Init) refers to gpio.o(i.GPIOPinTypeGPIOOutput) for GPIOPinTypeGPIOOutput
    main.o(i.S800_GPIO_Init) refers to gpio.o(i.GPIOPadConfigSet) for GPIOPadConfigSet
    main.o(i.S800_GPIO_Init) refers to gpio.o(i.GPIOPinTypeGPIOInput) for GPIOPinTypeGPIOInput
    main.o(i.S800_I2C0_Init) refers to sysctl.o(i.SysCtlPeripheralEnable) for SysCtlPeripheralEnable
    main.o(i.S800_I2C0_Init) refers to gpio.o(i.GPIOPinConfigure) for GPIOPinConfigure
    main.o(i.S800_I2C0_Init) refers to gpio.o(i.GPIOPinTypeI2CSCL) for GPIOPinTypeI2CSCL
    main.o(i.S800_I2C0_Init) refers to gpio.o(i.GPIOPinTypeI2C) for GPIOPinTypeI2C
    main.o(i.S800_I2C0_Init) refers to i2c.o(i.I2CMasterInitExpClk) for I2CMasterInitExpClk
    main.o(i.S800_I2C0_Init) refers to i2c.o(i.I2CMasterEnable) for I2CMasterEnable
    main.o(i.S800_I2C0_Init) refers to main.o(i.I2C0_WriteByte) for I2C0_WriteByte
    main.o(i.S800_I2C0_Init) refers to main.o(.data) for ui32SysClock
    main.o(i.S800_UART_Init) refers to sysctl.o(i.SysCtlPeripheralEnable) for SysCtlPeripheralEnable
    main.o(i.S800_UART_Init) refers to sysctl.o(i.SysCtlPeripheralReady) for SysCtlPeripheralReady
    main.o(i.S800_UART_Init) refers to gpio.o(i.GPIOPinConfigure) for GPIOPinConfigure
    main.o(i.S800_UART_Init) refers to gpio.o(i.GPIOPinTypeUART) for GPIOPinTypeUART
    main.o(i.S800_UART_Init) refers to uart.o(i.UARTConfigSetExpClk) for UARTConfigSetExpClk
    main.o(i.S800_UART_Init) refers to uart.o(i.UARTFIFOLevelSet) for UARTFIFOLevelSet
    main.o(i.S800_UART_Init) refers to main.o(i.UARTStringPut) for UARTStringPut
    main.o(i.S800_UART_Init) refers to main.o(.data) for ui32SysClock
    main.o(i.ShowString) refers to main.o(i.CharToSeg7) for CharToSeg7
    main.o(i.ShowString) refers to main.o(i.I2C0_WriteByte) for I2C0_WriteByte
    main.o(i.ShowString) refers to main.o(i.Delay_us) for Delay_us
    main.o(i.ShowString) refers to main.o(.data) for result
    main.o(i.SysTick_Handler) refers to main.o(i.I2C0_WriteByte) for I2C0_WriteByte
    main.o(i.SysTick_Handler) refers to main.o(i.Delay_us) for Delay_us
[...]
    i.PWMGenConfigure                        0x00001af0   Section        0  pwm.o(i.PWMGenConfigure)
    i.PWMGenDisable                          0x00001b16   Section        0  pwm.o(i.PWMGenDisable)
    i.PWMGenEnable                           0x00001b20   Section        0  pwm.o(i.PWMGenEnable)
    i.PWMGenPeriodGet                        0x00001b2a   Section        0  pwm.o(i.PWMGenPeriodGet)
    i.PWMGenPeriodSet                        0x00001b3c   Section        0  pwm.o(i.PWMGenPeriodSet)
    i.PWMOutputState                         0x00001b4e   Section        0  pwm.o(i.PWMOutputState)
    i.PWMPulseWidthSet                       0x00001b5e   Section        0  pwm.o(i.PWMPulseWidthSet)
    i.S800_GPIO_Init                         0x00001b80   Section        0  main.o(i.S800_GPIO_Init)
    i.S800_I2C0_Init                         0x00001c04   Section        0  main.o(i.S800_I2C0_Init)
    i.S800_UART_Init                         0x00001c90   Section        0  main.o(i.S800_UART_Init)
    i.ShowString                             0x00001d0c   Section        0  main.o(i.ShowString)
    i.SysCtlClockFreqSet                     0x00001db8   Section        0  sysctl.o(i.SysCtlClockFreqSet)
    i.SysCtlPeripheralEnable                 0x000020a4   Section        0  sysctl.o(i.SysCtlPeripheralEnable)
    i.SysCtlPeripheralReady                  0x000020cc   Section        0  sysctl.o(i.SysCtlPeripheralReady)
    i.SysTickEnable                          0x000020f8   Section        0  systick.o(i.SysTickEnable)
    i.SysTickIntDisable                      0x00002106   Section        0  systick.o(i.SysTickIntDisable)
    i.SysTickIntEnable                       0x00002114   Section        0  systick.o(i.SysTickIntEnable)
    i.SysTickPeriodSet                       0x00002122   Section        0  systick.o(i.SysTickPeriodSet)
    i.SysTick_Handler                        0x0000212c   Section        0  main.o(i.SysTick_Handler)
    i.SystemInit                             0x000021fc   Section        0  system_tm4c129.o(i.SystemInit)
    i.UART0_Handler                          0x0000221c   Section        0  main.o(i.UART0_Handler)
    i.UARTCharGetNonBlocking                 0x00002320   Section        0  uart.o(i.UARTCharGetNonBlocking)
    i.UARTCharPut                            0x00002330   Section        0  uart.o(i.UARTCharPut)
    i.UARTCharsAvail                         0x0000233c   Section        0  uart.o(i.UARTCharsAvail)
    i.UARTConfigSetExpClk                    0x00002346   Section        0  uart.o(i.UARTConfigSetExpClk)
    i.UARTFIFOLevelSet                       0x000023b4   Section        0  uart.o(i.UARTFIFOLevelSet)
    i.UARTIntClear                           0x000023ba   Section        0  uart.o(i.UARTIntClear)
    i.UARTIntEnable                          0x000023be   Section        0  uart.o(i.UARTIntEnable)
    i.UARTIntStatus                          0x000023c6   Section        0  uart.o(i.UARTIntStatus)
    i.UARTStringPut                          0x000023d0   Section        0  main.o(i.UARTStringPut)
    i._is_digit                              0x000023ec   Section        0  __printf_wp.o(i._is_digit)
    i.alarm_check                            0x000023fc   Section        0  main.o(i.alarm_check)
    i.alarm_stop                             0x00002550   Section        0  main.o(i.alarm_stop)
    i.beep_off                               0x00002580   Section        0  main.o(i.beep_off)
    i.beep_on                                0x00002594   Section        0  main.o(i.beep_on)
    i.cmd_get                                0x000025b4   Section        0  main.o(i.cmd_get)
    i.cmd_ping                               0x00002830   Section        0  main.o(i.cmd_ping)
    i.cmd_rst                                0x0000285c   Section        0  main.o(i.cmd_rst)
    i.cmd_set_alarm                          0x00002a50   Section        0  main.o(i.cmd_set_alarm)
    i.cmd_set_beep                           0x00002e04   Section        0  main.o(i.cmd_set_beep)
    i.cmd_set_date                           0x00002ea0   Section        0  main.o(i.cmd_set_date)
    i.cmd_set_display                        0x00003070   Section        0  main.o(i.cmd_set_display)
    i.cmd_set_format                         0x00003128   Section        0  main.o(i.cmd_set_format)
    i.cmd_set_key                            0x000031ec   Section        0  main.o(i.cmd_set_key)
    i.cmd_set_led                            0x00003354   Section        0  main.o(i.cmd_set_led)
    i.cmd_set_mode                           0x00003434   Section        0  main.o(i.cmd_set_mode)
    i.cmd_set_msg                            0x0000350c   Section        0  main.o(i.cmd_set_msg)
    i.cmd_set_time                           0x000035b8   Section        0  main.o(i.cmd_set_time)
    i.cmd_set_wea                            0x00003788   Section        0  main.o(i.cmd_set_wea)
    i.edit_enter                             0x000038e0   Section        0  main.o(i.edit_enter)
    i.edit_exit                              0x000039e0   Section        0  main.o(i.edit_exit)
    i.edit_tick                              0x00003bc8   Section        0  main.o(i.edit_tick)
    i.get_days_in_month                      0x00003bcc   Section        0  main.o(i.get_days_in_month)
    i.is_leap_year                           0x00003bf0   Section        0  main.o(i.is_leap_year)
    i.key_action                             0x00003c24   Section        0  main.o(i.key_action)
    i.key_scan                               0x000040cc   Section        0  main.o(i.key_scan)
    i.led_update                             0x00004204   Section        0  main.o(i.led_update)
    i.main                                   0x0000439c   Section        0  main.o(i.main)
    i.match_abbrev                           0x00004768   Section        0  main.o(i.match_abbrev)
    i.process_uart_command                   0x000047d8   Section        0  main.o(i.process_uart_command)
    i.send_event_alarm                       0x00004cc8   Section        0  main.o(i.send_event_alarm)
    i.send_event_disp                        0x00004d04   Section        0  main.o(i.send_event_disp)
    i.send_event_edit                        0x00004d7c   Section        0  main.o(i.send_event_edit)
    i.send_event_key                         0x00004db0   Section        0  main.o(i.send_event_key)
    i.send_event_led                         0x00004de8   Section        0  main.o(i.send_event_led)
    i.send_event_mode                        0x00004e18   Section        0  main.o(i.send_event_mode)
    i.send_response                          0x00004e44   Section        0  main.o(i.send_response)
    i.update_display                         0x00004e5c   Section        0  main.o(i.update_display)
    i.update_time                            0x000051f8   Section        0  main.o(i.update_time)
    locale$$code                             0x000052b4   Section       44  lc_ctype_c.o(locale$$code)
    x$fpl$fpinit                             0x000052e0   Section       10  fpinit.o(x$fpl$fpinit)
    $v0                                      0x000052e0   Number         0  fpinit.o(x$fpl$fpinit)
    .constdata                               0x000052ec   Section       40  main.o(.constdata)
    days                                     0x000052ec   Data          12  main.o(.constdata)
    .constdata                               0x00005314   Section      552  gpio.o(.constdata)
    g_ppui32GPIOIntMapBlizzard               0x00005314   Data         192  gpio.o(.constdata)
    g_ppui32GPIOIntMapSnowflake              0x000053d4   Data         216  gpio.o(.constdata)
    g_pui32GPIOBaseAddrs                     0x000054ac   Data         144  gpio.o(.constdata)
    .constdata                               0x0000553c   Section      268  interrupt.o(.constdata)
    g_pui32Priority                          0x0000553c   Data          32  interrupt.o(.constdata)
    g_pui32Regs                              0x0000555c   Data         156  interrupt.o(.constdata)
    g_pui32EnRegs                            0x000055f8   Data          20  interrupt.o(.constdata)
    g_pui32Dii16Regs                         0x0000560c   Data          20  interrupt.o(.constdata)
    g_pui32PendRegs                          0x00005620   Data          20  interrupt.o(.constdata)
    g_pui32UnpendRegs                        0x00005634   Data          20  interrupt.o(.constdata)
    .constdata                               0x00005648   Section      596  sysctl.o(.constdata)
    g_pui32VCOFrequencies                    0x00005648   Data           8  sysctl.o(.constdata)
    g_pui32Xtals                             0x00005650   Data         108  sysctl.o(.constdata)
    g_pppui32XTALtoVCO                       0x000056bc   Data         432  sysctl.o(.constdata)
    g_sXTALtoMEMTIM                          0x0000586c   Data          48  sysctl.o(.constdata)
    .constdata                               0x0000589c   Section       40  _printf_hex_int.o(.constdata)
    uc_hextab                                0x0000589c   Data          20  _printf_hex_int.o(.constdata)
    lc_hextab                                0x000058b0   Data          20  _printf_hex_int.o(.constdata)
    .constdata                               0x000058c4   Section       17  __printf_flags_ss_wp.o(.constdata)
    maptable                                 0x000058c4   Data          17  __printf_flags_ss_wp.o(.constdata)
    .conststring                             0x000058d8   Section      185  main.o(.conststring)
    locale$$data                             0x000059b4   Section      272  lc_ctype_c.o(locale$$data)
    __lcctype_c_name                         0x000059b8   Data           2  lc_ctype_c.o(locale$$data)
    __lcctype_c_start                        0x000059c0   Data           0  lc_ctype_c.o(locale$$data)
    __lcctype_c_end                          0x00005ac4   Data           0  lc_ctype_c.o(locale$$data)
    .data                                    0x20000000   Section      262  main.o(.data)
    KEY_NAMES                                0x20000000   Data          40  main.o(.data)
    receive_overflow                         0x20000059   Data           1  main.o(.data)
    DOW_NAMES                                0x20000078   Data          32  main.o(.data)
    alarm_beep_phase                         0x200000af   Data           1  main.o(.data)
    alarm_beep_timer                         0x200000b0   Data           1  main.o(.data)
    alarm_total_timer                        0x200000b1   Data           1  main.o(.data)
    alarm_snooze                             0x200000b2   Data           1  main.o(.data)
    alarm_led_blink                          0x200000b3   Data           1  main.o(.data)
    sec_counter                              0x200000b6   Data           1  main.o(.data)
    scroll_timer                             0x200000d6   Data           1  main.o(.data)
    scroll_cycle_count                       0x200000d7   Data           1  main.o(.data)
    scroll_static_timer                      0x200000d8   Data           1  main.o(.data)
    led_takeover                             0x200000da   Data           1  main.o(.data)
    led_heartbeat_timer                      0x200000db   Data           1  main.o(.data)
    uart_tx_timer                            0x200000dc   Data           1  main.o(.data)
    uart_rx_timer                            0x200000dd   Data           1  main.o(.data)
    weather_temp                             0x200000de   Data           1  main.o(.data)
    weather_code                             0x200000df   Data           1  main.o(.data)
    weather_age                              0x200000e0   Data           1  main.o(.data)
    ntp_synced                               0x200000e1   Data           1  main.o(.data)
    ntp_last_sync                            0x200000e4   Data           4  main.o(.data)
    edit_timeout                             0x200000ea   Data           2  main.o(.data)
    edit_blink                               0x200000ec   Data           1  main.o(.data)
    edit_blink_timer                         0x200000ed   Data           1  main.o(.data)
    uart_tx_activity                         0x200000f4   Data           1  main.o(.data)
    suppress_key_event                       0x200000f5   Data           1  main.o(.data)
    beep_timer                               0x200000f6   Data           1  main.o(.data)
    beep_active                              0x200000f7   Data           1  main.o(.data)
    backup_hour                              0x200000f8   Data           1  main.o(.data)
    backup_minute                            0x200000f9   Data           1  main.o(.data)
    backup_second                            0x200000fa   Data           1  main.o(.data)
    backup_year                              0x200000fc   Data           2  main.o(.data)
    backup_month                             0x200000fe   Data           1  main.o(.data)
    backup_day                               0x200000ff   Data           1  main.o(.data)
    backup_alarm_hour                        0x20000100   Data           1  main.o(.data)
    backup_alarm_minute                      0x20000101   Data           1  main.o(.data)
    backup_alarm_second                      0x20000102   Data           1  main.o(.data)
    backup_alarm_enabled                     0x20000103   Data           1  main.o(.data)
    func_prev                                0x20000104   Data           1  main.o(.data)
    alarm_blink_timer                        0x20000105   Data           1  main.o(.data)
    .data                                    0x20000108   Section        4  system_tm4c129.o(.data)
    .bss                                     0x2000010c   Section      308  main.o(.bss)
    key_debounce                             0x2000016e   Data          20  main.o(.bss)
    key_hold_time                            0x20000182   Data          20  main.o(.bss)
    key_pressed                              0x20000196   Data          10  main.o(.bss)
    cmd_parse_buf                            0x200001a0   Data          64  main.o(.bss)
    cmd_token_buf                            0x200001e0   Data          32  main.o(.bss)
    cmd_params_buf                           0x20000200   Data          64  main.o(.bss)
    .bss                                     0x20000240   Section       96  libspace.o(.bss)
    HEAP                                     0x200002a0   Section        0  startup_tm4c129.o(HEAP)
    STACK                                    0x200002a0   Section      512  startup_tm4c129.o(STACK)
    Heap_Mem                                 0x200002a0   Data           0  startup_tm4c129.o(HEAP)
    Stack_Mem                                0x200002a0   Data         512  startup_tm4c129.o(STACK)
    __initial_sp                             0x200004a0   Data           0  startup_tm4c129.o(STACK)

    Global Symbols

    Symbol Name                              Value     Ov Type        Size  Object(Section)

    BuildAttributes$$THM_ISAv4$E$P$D$K$B$S$7EM$VFPi3$EXTD16$VFPS$VFMA$PE$A:L22UL41UL21$X:L11$S22US41US21$IEEE1$IW$USESV6$~STKCKD$USESV7$~SHL$OTIME$ROPI$EBA8$UX$STANDARDLIB$REQ8$PRES8$EABIv2 0x00000000   Number         0  anon$$obj.o ABSOLUTE
    __ARM_use_no_argv                        0x00000000   Number         0  main.o ABSOLUTE
    __Vectors                                0x00000000   Data           4  startup_tm4c129.o(RESET)
    _printf_flags                            0x00000000   Number         0  printf_stubs.o ABSOLUTE
    _printf_return_value                     0x00000000   Number         0  printf_stubs.o ABSOLUTE
    _printf_sizespec                         0x00000000   Number         0  printf_stubs.o ABSOLUTE
    _printf_widthprec                        0x00000000   Number         0  printf_stubs.o ABSOLUTE
    __ARM_exceptions_init                     - Undefined Weak Reference
    __alloca_initialize                       - Undefined Weak Reference
    __arm_preinit_                            - Undefined Weak Reference
    __cpp_initialize__aeabi_                  - Undefined Weak Reference
    __cxa_finalize                            - Undefined Weak Reference
    __sigvec_lookup                           - Undefined Weak Reference
    _atexit_init                              - Undefined Weak Reference
    _call_atexit_fns                          - Undefined Weak Reference
    _clock_init                               - Undefined Weak Reference
    _fp_trap_init                             - Undefined Weak Reference
    _fp_trap_shutdown                         - Undefined Weak Reference
    _get_lc_collate                           - Undefined Weak Reference
    _get_lc_monetary                          - Undefined Weak Reference
    _get_lc_numeric                           - Undefined Weak Reference
    _get_lc_time                              - Undefined Weak Reference
    _getenv_init                              - Undefined Weak Reference
    _handle_redirection                       - Undefined Weak Reference
    _init_alloc                               - Undefined Weak Reference
    _init_user_alloc                          - Undefined Weak Reference
    _initio                                   - Undefined Weak Reference
    _printf_mbtowc                            - Undefined Weak Reference
    _printf_truncate_signed                   - Undefined Weak Reference
    _printf_truncate_unsigned                 - Undefined Weak Reference
    _rand_init                                - Undefined Weak Reference
    _scanf_longlong                           - Undefined Weak Reference
    _scanf_mbtowc                             - Undefined Weak Reference
    _scanf_real                               - Undefined Weak Reference
    _scanf_string                             - Undefined Weak Reference
    _scanf_wctomb                             - Undefined Weak Reference
    _scanf_wstring                            - Undefined Weak Reference
    _signal_finish                            - Undefined Weak Reference
    _signal_init                              - Undefined Weak Reference
    _terminate_alloc                          - Undefined Weak Reference
    _terminate_user_alloc                     - Undefined Weak Reference
    _terminateio                              - Undefined Weak Reference
    __Vectors_End                            0x00000200   Data           0  startup_tm4c129.o(RESET)
    __Vectors_Size                           0x00000200   Number         0  startup_tm4c129.o ABSOLUTE
    __main                                   0x00000201   Thumb Code     8  __main.o(!!!main)
    __scatterload                            0x00000209   Thumb Code     0  __scatter.o(!!!scatter)
    __scatterload_rt2                        0x00000209   Thumb Code    44  __scatter.o(!!!scatter)
    __scatterload_rt2_thumb_only             0x00000209   Thumb Code     0  __scatter.o(!!!scatter)
    __scatterload_null                       0x00000217   Thumb Code     0  __scatter.o(!!!scatter)
    __scatterload_copy                       0x0000023d   Thumb Code    26  __scatter_copy.o(!!handler_copy)
    __scatterload_zeroinit                   0x00000259   Thumb Code    28  __scatter_zi.o(!!handler_zi)
    _printf_d                                0x00000275   Thumb Code     0  _printf_d.o(.ARM.Collect$$_printf_percent$$00000009)
    _printf_percent                          0x00000275   Thumb Code     0  _printf_percent.o(.ARM.Collect$$_printf_percent$$00000000)
    _printf_u                                0x0000027b   Thumb Code     0  _printf_u.o(.ARM.Collect$$_printf_percent$$0000000A)
    _printf_x                                0x00000281   Thumb Code     0  _printf_x.o(.ARM.Collect$$_printf_percent$$0000000C)
    _printf_s                                0x00000287   Thumb Code     0  _printf_s.o(.ARM.Collect$$_printf_percent$$00000014)
    _printf_percent_end                      0x0000028d   Thumb Code     0  _printf_percent_end.o(.ARM.Collect$$_printf_percent$$00000017)
    __rt_lib_init                            0x00000291   Thumb Code     0  libinit.o(.ARM.Collect$$libinit$$00000000)
    __rt_lib_init_fp_1                       0x00000293   Thumb Code     0  libinit2.o(.ARM.Collect$$libinit$$00000001)
    __rt_lib_init_heap_1                     0x00000297   Thumb Code     0  libinit2.o(.ARM.Collect$$libinit$$0000000A)
    __rt_lib_init_lc_common                  0x00000297   Thumb Code     0  libinit2.o(.ARM.Collect$$libinit$$0000000F)
    __rt_lib_init_preinit_1                  0x00000297   Thumb Code     0  libinit2.o(.ARM.Collect$$libinit$$00000004)
    __rt_lib_init_rand_1                     0x00000297   Thumb Code     0  libinit2.o(.ARM.Collect$$libinit$$0000000E)
    __rt_lib_init_user_alloc_1               0x00000297   Thumb Code     0  libinit2.o(.ARM.Collect$$libinit$$0000000C)
    __rt_lib_init_lc_collate_1               0x0000029d   Thumb Code     0  libinit2.o(.ARM.Collect$$libinit$$00000011)
    __rt_lib_init_lc_ctype_2                 0x0000029d   Thumb Code     0  libinit2.o(.ARM.Collect$$libinit$$00000012)
    __rt_lib_init_alloca_1                   0x000002a9   Thumb Code     0  libinit2.o(.ARM.Collect$$libinit$$0000002E)
    __rt_lib_init_argv_1                     0x000002a9   Thumb Code     0  libinit2.o(.ARM.Collect$$libinit$$0000002C)
    __rt_lib_init_atexit_1                   0x000002a9   Thumb Code     0  libinit2.o(.ARM.Collect$$libinit$$0000001B)
    __rt_lib_init_clock_1                    0x000002a9   Thumb Code     0  libinit2.o(.ARM.Collect$$libinit$$00000021)
    __rt_lib_init_cpp_1                      0x000002a9   Thumb Code     0  libinit2.o(.ARM.Collect$$libinit$$00000032)
    __rt_lib_init_exceptions_1               0x000002a9   Thumb Code     0  libinit2.o(.ARM.Collect$$libinit$$00000030)
    __rt_lib_init_fp_trap_1                  0x000002a9   Thumb Code     0  libinit2.o(.ARM.Collect$$libinit$$0000001F)
    __rt_lib_init_getenv_1                   0x000002a9   Thumb Code     0  libinit2.o(.ARM.Collect$$libinit$$00000023)
    __rt_lib_init_lc_ctype_1                 0x000002a9   Thumb Code     0  libinit2.o(.ARM.Collect$$libinit$$00000013)
    __rt_lib_init_lc_monetary_1              0x000002a9   Thumb Code     0  libinit2.o(.ARM.Collect$$libinit$$00000015)
    __rt_lib_init_lc_numeric_1               0x000002a9   Thumb Code     0  libinit2.o(.ARM.Collect$$libinit$$00000017)
    __rt_lib_init_lc_time_1                  0x000002a9   Thumb Code     0  libinit2.o(.ARM.Collect$$libinit$$00000019)
    __rt_lib_init_return                     0x000002a9   Thumb Code     0  libinit2.o(.ARM.Collect$$libinit$$00000033)
    __rt_lib_init_signal_1                   0x000002a9   Thumb Code     0  libinit2.o(.ARM.Collect$$libinit$$0000001D)
    __rt_lib_init_stdio_1                    0x000002a9   Thumb Code     0  libinit2.o(.ARM.Collect$$libinit$$00000025)
    __rt_lib_shutdown                        0x000002ab   Thumb Code     0  libshutdown.o(.ARM.Collect$$libshutdown$$00000000)
    __rt_lib_shutdown_cpp_1                  0x000002ad   Thumb Code     0  libshutdown2.o(.ARM.Collect$$libshutdown$$00000002)
    __rt_lib_shutdown_fp_trap_1              0x000002ad   Thumb Code     0  libshutdown2.o(.ARM.Collect$$libshutdown$$00000007)
    __rt_lib_shutdown_heap_1                 0x000002ad   Thumb Code     0  libshutdown2.o(.ARM.Collect$$libshutdown$$0000000F)
    __rt_lib_shutdown_return                 0x000002ad   Thumb Code     0  libshutdown2.o(.ARM.Collect$$libshutdown$$00000010)
    __rt_lib_shutdown_signal_1               0x000002ad   Thumb Code     0  libshutdown2.o(.ARM.Collect$$libshutdown$$0000000A)
    __rt_lib_shutdown_stdio_1                0x000002ad   Thumb Code     0  libshutdown2.o(.ARM.Collect$$libshutdown$$00000004)
    __rt_lib_shutdown_user_alloc_1           0x000002ad   Thumb Code     0  libshutdown2.o(.ARM.Collect$$libshutdown$$0000000C)
    __rt_entry                               0x000002af   Thumb Code     0  __rtentry.o(.ARM.Collect$$rtentry$$00000000)
    __rt_entry_presh_1                       0x000002af   Thumb Code     0  __rtentry2.o(.ARM.Collect$$rtentry$$00000002)
    __rt_entry_sh                            0x000002af   Thumb Code     0  __rtentry4.o(.ARM.Collect$$rtentry$$00000004)
    __rt_entry_li                            0x000002b5   Thumb Code     0  __rtentry2.o(.ARM.Collect$$rtentry$$0000000A)
    __rt_entry_postsh_1                      0x000002b5   Thumb Code     0  __rtentry2.o(.ARM.Collect$$rtentry$$00000009)
    __rt_entry_main                          0x000002b9   Thumb Code     0  __rtentry2.o(.ARM.Collect$$rtentry$$0000000D)
    __rt_entry_postli_1                      0x000002b9   Thumb Code     0  __rtentry2.o(.ARM.Collect$$rtentry$$0000000C)
    __rt_exit                                0x000002c1   Thumb Code     0  rtexit.o(.ARM.Collect$$rtexit$$00000000)
    __rt_exit_ls                             0x000002c3   Thumb Code     0  rtexit2.o(.ARM.Collect$$rtexit$$00000003)
    __rt_exit_prels_1                        0x000002c3   Thumb Code     0  rtexit2.o(.ARM.Collect$$rtexit$$00000002)
    __rt_exit_exit                           0x000002c7   Thumb Code     0  rtexit2.o(.ARM.Collect$$rtexit$$00000004)
    CPUcpsid                                 0x000002cd   Thumb Code     8  cpu.o(.emb_text)
    CPUprimask                               0x000002d5   Thumb Code     6  cpu.o(.emb_text)
    CPUcpsie                                 0x000002db   Thumb Code     8  cpu.o(.emb_text)
    CPUwfi                                   0x000002e3   Thumb Code     4  cpu.o(.emb_text)
    CPUbasepriSet                            0x000002e7   Thumb Code     6  cpu.o(.emb_text)
    CPUbasepriGet                            0x000002ed   Thumb Code     6  cpu.o(.emb_text)
    Reset_Handler                            0x000002f5   Thumb Code     8  startup_tm4c129.o(.text)
    NMI_Handler                              0x000002fd   Thumb Code     2  startup_tm4c129.o(.text)
    HardFault_Handler                        0x000002ff   Thumb Code     2  startup_tm4c129.o(.text)
    MemManage_Handler                        0x00000301   Thumb Code     2  startup_tm4c129.o(.text)
    BusFault_Handler                         0x00000303   Thumb Code     2  startup_tm4c129.o(.text)
    UsageFault_Handler                       0x00000305   Thumb Code     2  startup_tm4c129.o(.text)
    SVC_Handler                              0x00000307   Thumb Code     2  startup_tm4c129.o(.text)
    DebugMon_Handler                         0x00000309   Thumb Code     2  startup_tm4c129.o(.text)
    PendSV_Handler                           0x0000030b   Thumb Code     2  startup_tm4c129.o(.text)
    GPIOA_Handler                            0x0000030f   Thumb Code     2  startup_tm4c129.o(.text)
    GPIOB_Handler                            0x00000311   Thumb Code     2  startup_tm4c129.o(.text)
    GPIOC_Handler                            0x00000313   Thumb Code     2  startup_tm4c129.o(.text)
    GPIOD_Handler                            0x00000315   Thumb Code     2  startup_tm4c129.o(.text)
    GPIOE_Handler                            0x00000317   Thumb Code     2  startup_tm4c129.o(.text)
    UART1_Handler                            0x0000031b   Thumb Code     2  startup_tm4c129.o(.text)
    SSI0_Handler                             0x0000031d   Thumb Code     2  startup_tm4c129.o(.text)
    I2C0_Handler                             0x0000031f   Thumb Code     2  startup_tm4c129.o(.text)
    PMW0_FAULT_Handler                       0x00000321   Thumb Code     2  startup_tm4c129.o(.text)
    PWM0_0_Handler                           0x00000323   Thumb Code     2  startup_tm4c129.o(.text)
    PWM0_1_Handler                           0x00000325   Thumb Code     2  startup_tm4c129.o(.text)
    PWM0_2_Handler                           0x00000327   Thumb Code     2  startup_tm4c129.o(.text)
    QEI0_Handler                             0x00000329   Thumb Code     2  startup_tm4c129.o(.text)
    ADC0SS0_Handler                          0x0000032b   Thumb Code     2  startup_tm4c129.o(.text)
    ADC0SS1_Handler                          0x0000032d   Thumb Code     2  startup_tm4c129.o(.text)
    ADC0SS2_Handler                          0x0000032f   Thumb Code     2  startup_tm4c129.o(.text)
    ADC0SS3_Handler                          0x00000331   Thumb Code     2  startup_tm4c129.o(.text)
    WDT0_Handler                             0x00000333   Thumb Code     2  startup_tm4c129.o(.text)
    TIMER0A_Handler                          0x00000335   Thumb Code     2  startup_tm4c129.o(.text)
    TIMER0B_Handler                          0x00000337   Thumb Code     2  startup_tm4c129.o(.text)
    TIMER1A_Handler                          0x00000339   Thumb Code     2  startup_tm4c129.o(.text)
    TIMER1B_Handler                          0x0000033b   Thumb Code     2  startup_tm4c129.o(.text)
    TIMER2A_Handler                          0x0000033d   Thumb Code     2  startup_tm4c129.o(.text)
    TIMER2B_Handler                          0x0000033f   Thumb Code     2  startup_tm4c129.o(.text)
    COMP0_Handler                            0x00000341   Thumb Code     2  startup_tm4c129.o(.text)
    COMP1_Handler                            0x00000343   Thumb Code     2  startup_tm4c129.o(.text)
    COMP2_Handler                            0x00000345   Thumb Code     2  startup_tm4c129.o(.text)
    SYSCTL_Handler                           0x00000347   Thumb Code     2  startup_tm4c129.o(.text)
    FLASH_Handler                            0x00000349   Thumb Code     2  startup_tm4c129.o(.text)
    GPIOF_Handler                            0x0000034b   Thumb Code     2  startup_tm4c129.o(.text)
    GPIOG_Handler                            0x0000034d   Thumb Code     2  startup_tm4c129.o(.text)
    GPIOH_Handler                            0x0000034f   Thumb Code     2  startup_tm4c129.o(.text)
    UART2_Handler                            0x00000351   Thumb Code     2  startup_tm4c129.o(.text)
    SSI1_Handler                             0x00000353   Thumb Code     2  startup_tm4c129.o(.text)
    TIMER3A_Handler                          0x00000355   Thumb Code     2  startup_tm4c129.o(.text)
    TIMER3B_Handler                          0x00000357   Thumb Code     2  startup_tm4c129.o(.text)
    I2C1_Handler                             0x00000359   Thumb Code     2  startup_tm4c129.o(.text)
    CAN0_Handler                             0x0000035b   Thumb Code     2  startup_tm4c129.o(.text)
    CAN1_Handler                             0x0000035d   Thumb Code     2  startup_tm4c129.o(.text)
    ETH_Handler                              0x0000035f   Thumb Code     2  startup_tm4c129.o(.text)
    HIB_Handler                              0x00000361   Thumb Code     2  startup_tm4c129.o(.text)
    USB0_Handler                             0x00000363   Thumb Code     2  startup_tm4c129.o(.text)
    PWM0_3_Handler                           0x00000365   Thumb Code     2  startup_tm4c129.o(.text)
    UDMA_Handler                             0x00000367   Thumb Code     2  startup_tm4c129.o(.text)
    UDMAERR_Handler                          0x00000369   Thumb Code     2  startup_tm4c129.o(.text)
    ADC1SS0_Handler                          0x0000036b   Thumb Code     2  startup_tm4c129.o(.text)
    ADC1SS1_Handler                          0x0000036d   Thumb Code     2  startup_tm4c129.o(.text)
    ADC1SS2_Handler                          0x0000036f   Thumb Code     2  startup_tm4c129.o(.text)
    ADC1SS3_Handler                          0x00000371   Thumb Code     2  startup_tm4c129.o(.text)
    EBI0_Handler                             0x00000373   Thumb Code     2  startup_tm4c129.o(.text)
    GPIOJ_Handler                            0x00000375   Thumb Code     2  startup_tm4c129.o(.text)
    GPIOK_Handler                            0x00000377   Thumb Code     2  startup_tm4c129.o(.text)
    GPIOL_Handler                            0x00000379   Thumb Code     2  startup_tm4c129.o(.text)
    SSI2_Handler                             0x0000037b   Thumb Code     2  startup_tm4c129.o(.text)
    SSI3_Handler                             0x0000037d   Thumb Code     2  startup_tm4c129.o(.text)
    UART3_Handler                            0x0000037f   Thumb Code     2  startup_tm4c129.o(.text)
    UART4_Handler                            0x00000381   Thumb Code     2  startup_tm4c129.o(.text)
    UART5_Handler                            0x00000383   Thumb Code     2  startup_tm4c129.o(.text)
    UART6_Handler                            0x00000385   Thumb Code     2  startup_tm4c129.o(.text)
    UART7_Handler                            0x00000387   Thumb Code     2  startup_tm4c129.o(.text)
    I2C2_Handler                             0x00000389   Thumb Code     2  startup_tm4c129.o(.text)
    I2C3_Handler                             0x0000038b   Thumb Code     2  startup_tm4c129.o(.text)
    TIMER4A_Handler                          0x0000038d   Thumb Code     2  startup_tm4c129.o(.text)
    TIMER4B_Handler                          0x0000038f   Thumb Code     2  startup_tm4c129.o(.text)
    TIMER5A_Handler                          0x00000391   Thumb Code     2  startup_tm4c129.o(.text)
    TIMER5B_Handler                          0x00000393   Thumb Code     2  startup_tm4c129.o(.text)
    WTIMER0A_Handler                         0x00000395   Thumb Code     2  startup_tm4c129.o(.text)
    WTIMER0B_Handler                         0x00000397   Thumb Code     2  startup_tm4c129.o(.text)
    WTIMER1A_Handler                         0x00000399   Thumb Code     2  startup_tm4c129.o(.text)
    WTIMER1B_Handler                         0x0000039b   Thumb Code     2  startup_tm4c129.o(.text)
    WTIMER2A_Handler                         0x0000039d   Thumb Code     2  startup_tm4c129.o(.text)
    WTIMER2B_Handler                         0x0000039f   Thumb Code     2  startup_tm4c129.o(.text)
    WTIMER3A_Handler                         0x000003a1   Thumb Code     2  startup_tm4c129.o(.text)
    WTIMER3B_Handler                         0x000003a3   Thumb Code     2  startup_tm4c129.o(.text)
    WTIMER4A_Handler                         0x000003a5   Thumb Code     2  startup_tm4c129.o(.text)
    WTIMER4B_Handler                         0x000003a7   Thumb Code     2  startup_tm4c129.o(.text)
    WTIMER5A_Handler                         0x000003a9   Thumb Code     2  startup_tm4c129.o(.text)
    WTIMER5B_Handler                         0x000003ab   Thumb Code     2  startup_tm4c129.o(.text)
    FPU_Handler                              0x000003ad   Thumb Code     2  startup_tm4c129.o(.text)
    I2C4_Handler                             0x000003af   Thumb Code     2  startup_tm4c129.o(.text)
    I2C5_Handler                             0x000003b1   Thumb Code     2  startup_tm4c129.o(.text)
    GPIOM_Handler                            0x000003b3   Thumb Code     2  startup_tm4c129.o(.text)
    GPION_Handler                            0x000003b5   Thumb Code     2  startup_tm4c129.o(.text)
    TAMPER_Handler                           0x000003b7   Thumb Code     2  startup_tm4c129.o(.text)
    GPIOP0_Handler                           0x000003b9   Thumb Code     2  startup_tm4c129.o(.text)
    GPIOP1_Handler                           0x000003bb   Thumb Code     2  startup_tm4c129.o(.text)
    GPIOP2_Handler                           0x000003bd   Thumb Code     2  startup_tm4c129.o(.text)
    GPIOP3_Handler                           0x000003bf   Thumb Code     2  startup_tm4c129.o(.text)
    GPIOP4_Handler                           0x000003c1   Thumb Code     2  startup_tm4c129.o(.text)
    GPIOP5_Handler                           0x000003c3   Thumb Code     2  startup_tm4c129.o(.text)
    GPIOP6_Handler                           0x000003c5   Thumb Code     2  startup_tm4c129.o(.text)
    GPIOP7_Handler                           0x000003c7   Thumb Code     2  startup_tm4c129.o(.text)
    GPIOQ0_Handler                           0x000003c9   Thumb Code     2  startup_tm4c129.o(.text)
    GPIOQ1_Handler                           0x000003cb   Thumb Code     2  startup_tm4c129.o(.text)
    GPIOQ2_Handler                           0x000003cd   Thumb Code     2  startup_tm4c129.o(.text)
    GPIOQ3_Handler                           0x000003cf   Thumb Code     2  startup_tm4c129.o(.text)
    GPIOQ4_Handler                           0x000003d1   Thumb Code     2  startup_tm4c129.o(.text)
    GPIOQ5_Handler                           0x000003d3   Thumb Code     2  startup_tm4c129.o(.text)
    GPIOQ6_Handler                           0x000003d5   Thumb Code     2  startup_tm4c129.o(.text)
    GPIOQ7_Handler                           0x000003d7   Thumb Code     2  startup_tm4c129.o(.text)
    GPIOR_Handler                            0x000003d9   Thumb Code     2  startup_tm4c129.o(.text)
    GPIOS_Handler                            0x000003db   Thumb Code     2  startup_tm4c129.o(.text)
    SHAMD5_Handler                           0x000003dd   Thumb Code     2  startup_tm4c129.o(.text)
    AES_Handler                              0x000003df   Thumb Code     2  startup_tm4c129.o(.text)
    DES3DES_Handler                          0x000003e1   Thumb Code     2  startup_tm4c129.o(.text)
    LCDCONTROLLER_Handler                    0x000003e3   Thumb Code     2  startup_tm4c129.o(.text)
    TIMER6A_Handler                          0x000003e5   Thumb Code     2  startup_tm4c129.o(.text)
    TIMER6B_Handler                          0x000003e7   Thumb Code     2  startup_tm4c129.o(.text)
    TIMER7A_Handler                          0x000003e9   Thumb Code     2  startup_tm4c129.o(.text)
    TIMER7B_Handler                          0x000003eb   Thumb Code     2  startup_tm4c129.o(.text)
    I2C6_Handler                             0x000003ed   Thumb Code     2  startup_tm4c129.o(.text)
    I2C7_Handler                             0x000003ef   Thumb Code     2  startup_tm4c129.o(.text)
    HIMSCANKEYBOARD_Handler                  0x000003f1   Thumb Code     2  startup_tm4c129.o(.text)
    ONEWIRE_Handler                          0x000003f3   Thumb Code     2  startup_tm4c129.o(.text)
    HIMPS2_Handler                           0x000003f5   Thumb Code     2  startup_tm4c129.o(.text)
    HIMLEDSEQUENCER_Handler                  0x000003f7   Thumb Code     2  startup_tm4c129.o(.text)
    HIMCONSUMERIR_Handler                    0x000003f9   Thumb Code     2  startup_tm4c129.o(.text)
    I2C8_Handler                             0x000003fb   Thumb Code     2  startup_tm4c129.o(.text)
    I2C9_Handler                             0x000003fd   Thumb Code     2  startup_tm4c129.o(.text)
    GPIOT_Handler                            0x000003ff   Thumb Code     2  startup_tm4c129.o(.text)
    __user_initial_stackheap                 0x00000401   Thumb Code     0  startup_tm4c129.o(.text)
    __rt_ctype_table                         0x00000421   Thumb Code    16  rt_ctype_table.o(.text)
    toupper                                  0x00000431   Thumb Code    30  toupper.o(.text)
    __2sprintf                               0x00000451   Thumb Code    38  __2sprintf.o(.text)
    __2snprintf                              0x0000047d   Thumb Code    50  __2snprintf.o(.text)
    _printf_pre_padding                      0x000004b5   Thumb Code    44  _printf_pad.o(.text)
    _printf_post_padding                     0x000004e1   Thumb Code    34  _printf_pad.o(.text)
    _printf_str                              0x00000503   Thumb Code    82  _printf_str.o(.text)
    _printf_int_dec                          0x00000555   Thumb Code   104  _printf_dec.o(.text)
    _printf_int_hex                          0x000005cd   Thumb Code    84  _printf_hex_int.o(.text)
    _printf_longlong_hex                     0x000005cd   Thumb Code     0  _printf_hex_int.o(.text)
    __printf                                 0x00000625   Thumb Code   388  __printf_flags_ss_wp.o(.text)
    __0sscanf                                0x000007ad   Thumb Code    52  __0sscanf.o(.text)
    _scanf_int                               0x000007e9   Thumb Code   332  _scanf_int.o(.text)
    atoi                                     0x00000935   Thumb Code    26  atoi.o(.text)
    strchr                                   0x0000094f   Thumb Code    20  strchr.o(.text)
    strlen                                   0x00000963   Thumb Code    62  strlen.o(.text)
    strncmp                                  0x000009a1   Thumb Code   150  strncmp.o(.text)
    __aeabi_memcpy                           0x00000a37   Thumb Code     0  rt_memcpy_v6.o(.text)
    __rt_memcpy                              0x00000a37   Thumb Code   138  rt_memcpy_v6.o(.text)
    _memcpy_lastbytes                        0x00000a9d   Thumb Code     0  rt_memcpy_v6.o(.text)
    __aeabi_memcpy4                          0x00000ac1   Thumb Code     0  rt_memcpy_w.o(.text)
    __aeabi_memcpy8                          0x00000ac1   Thumb Code     0  rt_memcpy_w.o(.text)
    __rt_memcpy_w                            0x00000ac1   Thumb Code   100  rt_memcpy_w.o(.text)
    _memcpy_lastbytes_aligned                0x00000b09   Thumb Code     0  rt_memcpy_w.o(.text)
    __aeabi_memset                           0x00000b25   Thumb Code    16  aeabi_memset.o(.text)
    __aeabi_memclr                           0x00000b35   Thumb Code     0  rt_memclr.o(.text)
    __rt_memclr                              0x00000b35   Thumb Code    68  rt_memclr.o(.text)
    _memset                                  0x00000b39   Thumb Code     0  rt_memclr.o(.text)
    strncpy                                  0x00000b79   Thumb Code    86  strncpy.o(.text)
    strcmp                                   0x00000bd1   Thumb Code   128  strcmpv7m.o(.text)
    __use_two_region_memory                  0x00000c51   Thumb Code     2  heapauxi.o(.text)
    __rt_heap_escrow$2region                 0x00000c53   Thumb Code     2  heapauxi.o(.text)
    __rt_heap_expand$2region                 0x00000c55   Thumb Code     2  heapauxi.o(.text)
    __rt_locale                              0x00000c59   Thumb Code     8  rt_locale_intlibspace.o(.text)
    __aeabi_errno_addr                       0x00000c61   Thumb Code     8  rt_errno_addr_intlibspace.o(.text)
    __errno$intlibspace                      0x00000c61   Thumb Code     0  rt_errno_addr_intlibspace.o(.text)
    __rt_errno_addr$intlibspace              0x00000c61   Thumb Code     0  rt_errno_addr_intlibspace.o(.text)
    _printf_int_common                       0x00000c69   Thumb Code   178  _printf_intcommon.o(.text)
    _printf_char_common                      0x00000d27   Thumb Code    32  _printf_char_common.o(.text)
    _sputc                                   0x00000d4d   Thumb Code    10  _sputc.o(.text)
    _snputc                                  0x00000d57   Thumb Code    16  _snputc.o(.text)
    _printf_cs_common                        0x00000d67   Thumb Code    20  _printf_char.o(.text)
    _printf_char                             0x00000d7b   Thumb Code    16  _printf_char.o(.text)
    _printf_string                           0x00000d8b   Thumb Code     8  _printf_char.o(.text)
    _chval                                   0x00000d93   Thumb Code    28  _chval.o(.text)
    __vfscanf_char                           0x00000dbd   Thumb Code    24  scanf_char.o(.text)
    _sgetc                                   0x00000ddd   Thumb Code    30  _sgetc.o(.text)
    _sbackspace                              0x00000dfb   Thumb Code    34  _sgetc.o(.text)
    strtol                                   0x00000e1d   Thumb Code   112  strtol.o(.text)
    __aeabi_memclr4                          0x00000e8d   Thumb Code     0  rt_memclr_w.o(.text)
    __aeabi_memclr8                          0x00000e8d   Thumb Code     0  rt_memclr_w.o(.text)
    __rt_memclr_w                            0x00000e8d   Thumb Code    78  rt_memclr_w.o(.text)
    _memset_w                                0x00000e91   Thumb Code     0  rt_memclr_w.o(.text)
    __user_libspace                          0x00000edd   Thumb Code     8  libspace.o(.text)
    __user_perproc_libspace                  0x00000edd   Thumb Code     0  libspace.o(.text)
    __user_perthread_libspace                0x00000edd   Thumb Code     0  libspace.o(.text)
    isspace                                  0x00000ee5   Thumb Code    18  isspace.o(.text)
    __vfscanf                                0x00000ef9   Thumb Code   878  _scanf.o(.text)
    _strtoul                                 0x0000126d   Thumb Code   158  _strtoul.o(.text)
    __user_setup_stackheap                   0x0000130b   Thumb Code    74  sys_stackheap_outer.o(.text)
    exit                                     0x00001355   Thumb Code    18  exit.o(.text)
    _sys_exit                                0x00001369   Thumb Code     8  sys_exit.o(.text)
    __I$use$semihosting                      0x00001375   Thumb Code     0  use_no_semi.o(.text)
    __use_no_semihosting_swi                 0x00001375   Thumb Code     2  use_no_semi.o(.text)
    __semihosting_library_function           0x00001377   Thumb Code     0  indicate_semi.o(.text)
    Beeper_PWM_Init                          0x00001379   Thumb Code   124  main.o(i.Beeper_PWM_Init)
    Boot_Sequence                            0x0000140d   Thumb Code   156  main.o(i.Boot_Sequence)
    CharToSeg7                               0x000014f1   Thumb Code   288  main.o(i.CharToSeg7)
    Delay                                    0x00001615   Thumb Code    12  main.o(i.Delay)
    Delay_us                                 0x00001621   Thumb Code    36  main.o(i.Delay_us)
    GPIODirModeSet                           0x0000164d   Thumb Code    40  gpio.o(i.GPIODirModeSet)
    GPIOPadConfigSet                         0x00001675   Thumb Code   312  gpio.o(i.GPIOPadConfigSet)
    GPIOPinConfigure                         0x000017ad   Thumb Code    60  gpio.o(i.GPIOPinConfigure)
    GPIOPinRead                              0x000017f1   Thumb Code     6  gpio.o(i.GPIOPinRead)
    GPIOPinTypeGPIOInput                     0x000017f7   Thumb Code    28  gpio.o(i.GPIOPinTypeGPIOInput)
    GPIOPinTypeGPIOOutput                    0x00001813   Thumb Code    28  gpio.o(i.GPIOPinTypeGPIOOutput)
    GPIOPinTypeI2C                           0x0000182f   Thumb Code    28  gpio.o(i.GPIOPinTypeI2C)
    GPIOPinTypeI2CSCL                        0x0000184b   Thumb Code    28  gpio.o(i.GPIOPinTypeI2CSCL)
    GPIOPinTypePWM                           0x00001867   Thumb Code    28  gpio.o(i.GPIOPinTypePWM)
    GPIOPinTypeUART                          0x00001883   Thumb Code    28  gpio.o(i.GPIOPinTypeUART)
    GPIOPinWrite                             0x0000189f   Thumb Code     6  gpio.o(i.GPIOPinWrite)
    I2C0_ReadByte                            0x000018a5   Thumb Code   116  main.o(i.I2C0_ReadByte)
    I2C0_WriteByte                           0x0000191d   Thumb Code   110  main.o(i.I2C0_WriteByte)
    I2CMasterBusBusy                         0x00001991   Thumb Code    12  i2c.o(i.I2CMasterBusBusy)
    I2CMasterBusy                            0x0000199d   Thumb Code    12  i2c.o(i.I2CMasterBusy)
    I2CMasterControl                         0x000019a9   Thumb Code     4  i2c.o(i.I2CMasterControl)
    I2CMasterDataGet                         0x000019ad   Thumb Code     4  i2c.o(i.I2CMasterDataGet)
    I2CMasterDataPut                         0x000019b1   Thumb Code     4  i2c.o(i.I2CMasterDataPut)
    I2CMasterEnable                          0x000019b5   Thumb Code    10  i2c.o(i.I2CMasterEnable)
    I2CMasterErr                             0x000019bf   Thumb Code    24  i2c.o(i.I2CMasterErr)
    I2CMasterInitExpClk                      0x000019d9   Thumb Code    72  i2c.o(i.I2CMasterInitExpClk)
    I2CMasterSlaveAddrSet                    0x00001a2d   Thumb Code     8  i2c.o(i.I2CMasterSlaveAddrSet)
    IntEnable                                0x00001a35   Thumb Code    92  interrupt.o(i.IntEnable)
    IntMasterEnable                          0x00001a99   Thumb Code    14  interrupt.o(i.IntMasterEnable)
    IntPriorityGroupingSet                   0x00001aa9   Thumb Code    20  interrupt.o(i.IntPriorityGroupingSet)
    IntPriorityMaskGet                       0x00001ac5   Thumb Code     4  interrupt.o(i.IntPriorityMaskGet)
    IntPrioritySet                           0x00001ac9   Thumb Code    36  interrupt.o(i.IntPrioritySet)
    PWMGenConfigure                          0x00001af1   Thumb Code    38  pwm.o(i.PWMGenConfigure)
    PWMGenDisable                            0x00001b17   Thumb Code    10  pwm.o(i.PWMGenDisable)
    PWMGenEnable                             0x00001b21   Thumb Code    10  pwm.o(i.PWMGenEnable)
    PWMGenPeriodGet                          0x00001b2b   Thumb Code    18  pwm.o(i.PWMGenPeriodGet)
    PWMGenPeriodSet                          0x00001b3d   Thumb Code    18  pwm.o(i.PWMGenPeriodSet)
    PWMOutputState                           0x00001b4f   Thumb Code    16  pwm.o(i.PWMOutputState)
    PWMPulseWidthSet                         0x00001b5f   Thumb Code    32  pwm.o(i.PWMPulseWidthSet)
    S800_GPIO_Init                           0x00001b81   Thumb Code   114  main.o(i.S800_GPIO_Init)
    S800_I2C0_Init                           0x00001c05   Thumb Code   112  main.o(i.S800_I2C0_Init)
    S800_UART_Init                           0x00001c91   Thumb Code    84  main.o(i.S800_UART_Init)
    ShowString                               0x00001d0d   Thumb Code   166  main.o(i.ShowString)
    SysCtlClockFreqSet                       0x00001db9   Thumb Code   706  sysctl.o(i.SysCtlClockFreqSet)
    SysCtlPeripheralEnable                   0x000020a5   Thumb Code    36  sysctl.o(i.SysCtlPeripheralEnable)
    SysCtlPeripheralReady                    0x000020cd   Thumb Code    40  sysctl.o(i.SysCtlPeripheralReady)
    SysTickEnable                            0x000020f9   Thumb Code    14  systick.o(i.SysTickEnable)
    SysTickIntDisable                        0x00002107   Thumb Code    14  systick.o(i.SysTickIntDisable)
    SysTickIntEnable                         0x00002115   Thumb Code    14  systick.o(i.SysTickIntEnable)
    SysTickPeriodSet                         0x00002123   Thumb Code    10  systick.o(i.SysTickPeriodSet)
    SysTick_Handler                          0x0000212d   Thumb Code   174  main.o(i.SysTick_Handler)
    SystemInit                               0x000021fd   Thumb Code    20  system_tm4c129.o(i.SystemInit)
    UART0_Handler                            0x0000221d   Thumb Code   212  main.o(i.UART0_Handler)
    UARTCharGetNonBlocking                   0x00002321   Thumb Code    16  uart.o(i.UARTCharGetNonBlocking)
    UARTCharPut                              0x00002331   Thumb Code    12  uart.o(i.UARTCharPut)
    UARTCharsAvail                           0x0000233d   Thumb Code    10  uart.o(i.UARTCharsAvail)
    UARTConfigSetExpClk                      0x00002347   Thumb Code   110  uart.o(i.UARTConfigSetExpClk)
    UARTFIFOLevelSet                         0x000023b5   Thumb Code     6  uart.o(i.UARTFIFOLevelSet)
    UARTIntClear                             0x000023bb   Thumb Code     4  uart.o(i.UARTIntClear)
    UARTIntEnable                            0x000023bf   Thumb Code     8  uart.o(i.UARTIntEnable)
    UARTIntStatus                            0x000023c7   Thumb Code    10  uart.o(i.UARTIntStatus)
    UARTStringPut                            0x000023d1   Thumb Code    24  main.o(i.UARTStringPut)
    _is_digit                                0x000023ed   Thumb Code    14  __printf_wp.o(i._is_digit)
    alarm_check                              0x000023fd   Thumb Code   288  main.o(i.alarm_check)
    alarm_stop                               0x00002551   Thumb Code    32  main.o(i.alarm_stop)
    beep_off                                 0x00002581   Thumb Code    14  main.o(i.beep_off)
    beep_on                                  0x00002595   Thumb Code    24  main.o(i.beep_on)
    cmd_get                                  0x000025b5   Thumb Code   400  main.o(i.cmd_get)
    cmd_ping                                 0x00002831   Thumb Code    26  main.o(i.cmd_ping)
    cmd_rst                                  0x0000285d   Thumb Code   368  main.o(i.cmd_rst)
    cmd_set_alarm                            0x00002a51   Thumb Code   780  main.o(i.cmd_set_alarm)
    cmd_set_beep                             0x00002e05   Thumb Code   108  main.o(i.cmd_set_beep)
    cmd_set_date                             0x00002ea1   Thumb Code   386  main.o(i.cmd_set_date)
    cmd_set_display                          0x00003071   Thumb Code   144  main.o(i.cmd_set_display)
    cmd_set_format                           0x00003129   Thumb Code   148  main.o(i.cmd_set_format)
    cmd_set_key                              0x000031ed   Thumb Code   258  main.o(i.cmd_set_key)
    cmd_set_led                              0x00003355   Thumb Code   178  main.o(i.cmd_set_led)
    cmd_set_mode                             0x00003435   Thumb Code   168  main.o(i.cmd_set_mode)
    cmd_set_msg                              0x0000350d   Thumb Code   134  main.o(i.cmd_set_msg)
    cmd_set_time                             0x000035b9   Thumb Code   378  main.o(i.cmd_set_time)
    cmd_set_wea                              0x00003789   Thumb Code   268  main.o(i.cmd_set_wea)
    edit_enter                               0x000038e1   Thumb Code   152  main.o(i.edit_enter)
    edit_exit                                0x000039e1   Thumb Code   330  main.o(i.edit_exit)
    edit_tick                                0x00003bc9   Thumb Code     2  main.o(i.edit_tick)
    get_days_in_month                        0x00003bcd   Thumb Code    30  main.o(i.get_days_in_month)
    is_leap_year                             0x00003bf1   Thumb Code    52  main.o(i.is_leap_year)
    key_action                               0x00003c25   Thumb Code  1192  main.o(i.key_action)
    key_scan                                 0x000040cd   Thumb Code   284  main.o(i.key_scan)
    led_update                               0x00004205   Thumb Code   346  main.o(i.led_update)
    main                                     0x0000439d   Thumb Code   802  main.o(i.main)
    match_abbrev                             0x00004769   Thumb Code   112  main.o(i.match_abbrev)
    process_uart_command                     0x000047d9   Thumb Code  1254  main.o(i.process_uart_command)
    send_event_alarm                         0x00004cc9   Thumb Code    22  main.o(i.send_event_alarm)
    send_event_disp                          0x00004d05   Thumb Code    92  main.o(i.send_event_disp)
    send_event_edit                          0x00004d7d   Thumb Code    30  main.o(i.send_event_edit)
    send_event_key                           0x00004db1   Thumb Code    34  main.o(i.send_event_key)
    send_event_led                           0x00004de9   Thumb Code    26  main.o(i.send_event_led)
    send_event_mode                          0x00004e19   Thumb Code    26  main.o(i.send_event_mode)
    send_response                            0x00004e45   Thumb Code    18  main.o(i.send_response)
    update_display                           0x00004e5d   Thumb Code   768  main.o(i.update_display)
    update_time                              0x000051f9   Thumb Code   160  main.o(i.update_time)
    _get_lc_ctype                            0x000052b5   Thumb Code    44  lc_ctype_c.o(locale$$code)
    _fp_init                                 0x000052e1   Thumb Code    10  fpinit.o(x$fpl$fpinit)
    __fplib_config_fpu_vfp                   0x000052e9   Thumb Code     0  fpinit.o(x$fpl$fpinit)
    __fplib_config_pureend_doubles           0x000052e9   Thumb Code     0  fpinit.o(x$fpl$fpinit)
    Region$$Table$$Base                      0x00005994   Number         0  anon$$obj.o(Region$$Table)
    Region$$Table$$Limit                     0x000059b4   Number         0  anon$$obj.o(Region$$Table)
    __ctype                                  0x000059c1   Data           0  lc_ctype_c.o(locale$$data)
    seg7                                     0x20000028   Data          19  main.o(.data)
    systick_10ms_counter                     0x2000003c   Data           2  main.o(.data)
    systick_100ms_counter                    0x2000003e   Data           2  main.o(.data)
    systick_10ms_status                      0x20000040   Data           1  main.o(.data)
    systick_100ms_status                     0x20000041   Data           1  main.o(.data)
    result                                   0x20000042   Data           1  main.o(.data)
    cnt                                      0x20000043   Data           1  main.o(.data)
    key_value                                0x20000044   Data           1  main.o(.data)
    gpio_status                              0x20000045   Data           1  main.o(.data)
    rightshift                               0x20000046   Data           1  main.o(.data)
    ui32SysClock                             0x20000048   Data           4  main.o(.data)
    ui32IntPriorityMask                      0x2000004c   Data           4  main.o(.data)
    uart_receive_char                        0x20000050   Data           1  main.o(.data)
    i                                        0x20000054   Data           4  main.o(.data)
    uart_cmd_ready                           0x20000058   Data           1  main.o(.data)
    ATCLASS                                  0x2000005c   Data           4  main.o(.data)
    ATCODE                                   0x20000060   Data           4  main.o(.data)
    CLASS                                    0x20000064   Data           4  main.o(.data)
    CODE                                     0x20000068   Data           4  main.o(.data)
    hour                                     0x2000006c   Data           1  main.o(.data)
    minute                                   0x2000006d   Data           1  main.o(.data)
    second                                   0x2000006e   Data           1  main.o(.data)
    year                                     0x20000070   Data           2  main.o(.data)
    month                                    0x20000072   Data           1  main.o(.data)
    day                                      0x20000073   Data           1  main.o(.data)
    day_of_week                              0x20000074   Data           1  main.o(.data)
    alarm_hour                               0x20000098   Data           7  main.o(.data)
    alarm_minute                             0x2000009f   Data           7  main.o(.data)
    alarm_second                             0x200000a6   Data           7  main.o(.data)
    alarm_enabled_mask                       0x200000ad   Data           1  main.o(.data)
    alarm_ringing                            0x200000ae   Data           1  main.o(.data)
    disp_mode                                0x200000b4   Data           1  main.o(.data)
    disp_on                                  0x200000b5   Data           1  main.o(.data)
    disp_buf                                 0x200000b7   Data           8  main.o(.data)
    dp_buf                                   0x200000bf   Data           8  main.o(.data)
    disp_chars                               0x200000c7   Data           9  main.o(.data)
    scan_cnt                                 0x200000d0   Data           1  main.o(.data)
    format_direction                         0x200000d1   Data           1  main.o(.data)
    scroll_speed_level                       0x200000d2   Data           1  main.o(.data)
    scroll_active                            0x200000d3   Data           1  main.o(.data)
    scroll_pos                               0x200000d4   Data           1  main.o(.data)
    scroll_len                               0x200000d5   Data           1  main.o(.data)
    led_byte                                 0x200000d9   Data           1  main.o(.data)
    edit_mode                                0x200000e8   Data           1  main.o(.data)
    edit_field                               0x200000e9   Data           1  main.o(.data)
    night_mode                               0x200000ee   Data           1  main.o(.data)
    uptime_seconds                           0x200000f0   Data           4  main.o(.data)
    SystemCoreClock                          0x20000108   Data           4  system_tm4c129.o(.data)
    receive                                  0x2000010c   Data          65  main.o(.bss)
    scroll_msg                               0x2000014d   Data          33  main.o(.bss)
    __libspace_start                         0x20000240   Data          96  libspace.o(.bss)
    __temporary_stack_top$libspace           0x200002a0   Data           0  libspace.o(.bss)



==============================================================================

Memory Map of the image

  Image Entry point : 0x00000201

  Load Region LR_IROM1 (Base: 0x00000000, Size: 0x00005bd0, Max: 0x00100000, ABSOLUTE)

    Execution Region ER_IROM1 (Exec base: 0x00000000, Load base: 0x00000000, Size: 0x00005ac4, Max: 0x00100000, ABSOLUTE)

    Exec Addr    Load Addr    Size         Type   Attr      Idx    E Section Name        Object

    0x00000000   0x00000000   0x00000200   Data   RO          393    RESET               startup_tm4c129.o
    0x00000200   0x00000200   0x00000008   Code   RO         2281  * !!!main             c_w.l(__main.o)
    0x00000208   0x00000208   0x00000034   Code   RO         2480    !!!scatter          c_w.l(__scatter.o)
    0x0000023c   0x0000023c   0x0000001a   Code   RO         2482    !!handler_copy      c_w.l(__scatter_copy.o)
    0x00000256   0x00000256   0x00000002   PAD
    0x00000258   0x00000258   0x0000001c   Code   RO         2484    !!handler_zi        c_w.l(__scatter_zi.o)
    0x00000274   0x00000274   0x00000000   Code   RO         2254    .ARM.Collect$$_printf_percent$$00000000  c_w.l(_printf_percent.o)
    0x00000274   0x00000274   0x00000006   Code   RO         2252    .ARM.Collect$$_printf_percent$$00000009  c_w.l(_printf_d.o)
    0x0000027a   0x0000027a   0x00000006   Code   RO         2253    .ARM.Collect$$_printf_percent$$0000000A  c_w.l(_printf_u.o)
    0x00000280   0x00000280   0x00000006   Code   RO         2251    .ARM.Collect$$_printf_percent$$0000000C  c_w.l(_printf_x.o)
    0x00000286   0x00000286   0x00000006   Code   RO         2250    .ARM.Collect$$_printf_percent$$00000014  c_w.l(_printf_s.o)
    0x0000028c   0x0000028c   0x00000004   Code   RO         2304    .ARM.Collect$$_printf_percent$$00000017  c_w.l(_printf_percent_end.o)
    0x00000290   0x00000290   0x00000002   Code   RO         2400    .ARM.Collect$$libinit$$00000000  c_w.l(libinit.o)
    0x00000292   0x00000292   0x00000004   Code   RO         2344    .ARM.Collect$$libinit$$00000001  c_w.l(libinit2.o)
    0x00000296   0x00000296   0x00000000   Code   RO         2347    .ARM.Collect$$libinit$$00000004  c_w.l(libinit2.o)
    0x00000296   0x00000296   0x00000000   Code   RO         2350    .ARM.Collect$$libinit$$0000000A  c_w.l(libinit2.o)
    0x00000296   0x00000296   0x00000000   Code   RO         2352    .ARM.Collect$$libinit$$0000000C  c_w.l(libinit2.o)
    0x00000296   0x00000296   0x00000000   Code   RO         2354    .ARM.Collect$$libinit$$0000000E  c_w.l(libinit2.o)
    0x00000296   0x00000296   0x00000006   Code   RO         2355    .ARM.Collect$$libinit$$0000000F  c_w.l(libinit2.o)
    0x0000029c   0x0000029c   0x00000000   Code   RO         2357    .ARM.Collect$$libinit$$00000011  c_w.l(libinit2.o)
    0x0000029c   0x0000029c   0x0000000c   Code   RO         2358    .ARM.Collect$$libinit$$00000012  c_w.l(libinit2.o)
    0x000002a8   0x000002a8   0x00000000   Code   RO         2359    .ARM.Collect$$libinit$$00000013  c_w.l(libinit2.o)
    0x000002a8   0x000002a8   0x00000000   Code   RO         2361    .ARM.Collect$$libinit$$00000015  c_w.l(libinit2.o)
    0x000002a8   0x000002a8   0x00000000   Code   RO         2363    .ARM.Collect$$libinit$$00000017  c_w.l(libinit2.o)
    0x000002a8   0x000002a8   0x00000000   Code   RO         2365    .ARM.Collect$$libinit$$00000019  c_w.l(libinit2.o)
    0x000002a8   0x000002a8   0x00000000   Code   RO         2367    .ARM.Collect$$libinit$$0000001B  c_w.l(libinit2.o)
    0x000002a8   0x000002a8   0x00000000   Code   RO         2369    .ARM.Collect$$libinit$$0000001D  c_w.l(libinit2.o)
    0x000002a8   0x000002a8   0x00000000   Code   RO         2371    .ARM.Collect$$libinit$$0000001F  c_w.l(libinit2.o)
    0x000002a8   0x000002a8   0x00000000   Code   RO         2373    .ARM.Collect$$libinit$$00000021  c_w.l(libinit2.o)
    0x000002a8   0x000002a8   0x00000000   Code   RO         2375    .ARM.Collect$$libinit$$00000023  c_w.l(libinit2.o)
    0x000002a8   0x000002a8   0x00000000   Code   RO         2377    .ARM.Collect$$libinit$$00000025  c_w.l(libinit2.o)
    0x000002a8   0x000002a8   0x00000000   Code   RO         2381    .ARM.Collect$$libinit$$0000002C  c_w.l(libinit2.o)
    0x000002a8   0x000002a8   0x00000000   Code   RO         2383    .ARM.Collect$$libinit$$0000002E  c_w.l(libinit2.o)
    0x000002a8   0x000002a8   0x00000000   Code   RO         2385    .ARM.Collect$$libinit$$00000030  c_w.l(libinit2.o)
    0x000002a8   0x000002a8   0x00000000   Code   RO         2387    .ARM.Collect$$libinit$$00000032  c_w.l(libinit2.o)
    0x000002a8   0x000002a8   0x00000002   Code   RO         2388    .ARM.Collect$$libinit$$00000033  c_w.l(libinit2.o)
    0x000002aa   0x000002aa   0x00000002   Code   RO         2437    .ARM.Collect$$libshutdown$$00000000  c_w.l(libshutdown.o)
    0x000002ac   0x000002ac   0x00000000   Code   RO         2443    .ARM.Collect$$libshutdown$$00000002  c_w.l(libshutdown2.o)
    0x000002ac   0x000002ac   0x00000000   Code   RO         2445    .ARM.Collect$$libshutdown$$00000004  c_w.l(libshutdown2.o)
    0x000002ac   0x000002ac   0x00000000   Code   RO         2448    .ARM.Collect$$libshutdown$$00000007  c_w.l(libshutdown2.o)
    0x000002ac   0x000002ac   0x00000000   Code   RO         2451    .ARM.Collect$$libshutdown$$0000000A  c_w.l(libshutdown2.o)
    0x000002ac   0x000002ac   0x00000000   Code   RO         2453    .ARM.Collect$$libshutdown$$0000000C  c_w.l(libshutdown2.o)
    0x000002ac   0x000002ac   0x00000000   Code   RO         2456    .ARM.Collect$$libshutdown$$0000000F  c_w.l(libshutdown2.o)
    0x000002ac   0x000002ac   0x00000002   Code   RO         2457    .ARM.Collect$$libshutdown$$00000010  c_w.l(libshutdown2.o)
    0x000002ae   0x000002ae   0x00000000   Code   RO         2283    .ARM.Collect$$rtentry$$00000000  c_w.l(__rtentry.o)
    0x000002ae   0x000002ae   0x00000000   Code   RO         2322    .ARM.Collect$$rtentry$$00000002  c_w.l(__rtentry2.o)
    0x000002ae   0x000002ae   0x00000006   Code   RO         2334    .ARM.Collect$$rtentry$$00000004  c_w.l(__rtentry4.o)
    0x000002b4   0x000002b4   0x00000000   Code   RO         2324    .ARM.Collect$$rtentry$$00000009  c_w.l(__rtentry2.o)
    0x000002b4   0x000002b4   0x00000004   Code   RO         2325    .ARM.Collect$$rtentry$$0000000A  c_w.l(__rtentry2.o)
    0x000002b8   0x000002b8   0x00000000   Code   RO         2327    .ARM.Collect$$rtentry$$0000000C  c_w.l(__rtentry2.o)
    0x000002b8   0x000002b8   0x00000008   Code   RO         2328    .ARM.Collect$$rtentry$$0000000D  c_w.l(__rtentry2.o)
    0x000002c0   0x000002c0   0x00000002   Code   RO         2403    .ARM.Collect$$rtexit$$00000000  c_w.l(rtexit.o)
    0x000002c2   0x000002c2   0x00000000   Code   RO         2412    .ARM.Collect$$rtexit$$00000002  c_w.l(rtexit2.o)
    0x000002c2   0x000002c2   0x00000004   Code   RO         2413    .ARM.Collect$$rtexit$$00000003  c_w.l(rtexit2.o)
    0x000002c6   0x000002c6   0x00000006   Code   RO         2414    .ARM.Collect$$rtexit$$00000004  c_w.l(rtexit2.o)
    0x000002cc   0x000002cc   0x00000026   Code   RO         2177    .emb_text           driverlib.lib(cpu.o)
    0x000002f2   0x000002f2   0x00000002   PAD
    0x000002f4   0x000002f4   0x0000012c   Code   RO          394    .text               startup_tm4c129.o
    0x00000420   0x00000420   0x00000010   Code   RO         2189    .text               c_w.l(rt_ctype_table.o)
    0x00000430   0x00000430   0x0000001e   Code   RO         2191    .text               c_w.l(toupper.o)
    0x0000044e   0x0000044e   0x00000002   PAD
    0x00000450   0x00000450   0x0000002c   Code   RO         2193    .text               c_w.l(__2sprintf.o)
    0x0000047c   0x0000047c   0x00000038   Code   RO         2195    .text               c_w.l(__2snprintf.o)
    0x000004b4   0x000004b4   0x0000004e   Code   RO         2203    .text               c_w.l(_printf_pad.o)
    0x00000502   0x00000502   0x00000052   Code   RO         2205    .text               c_w.l(_printf_str.o)
    0x00000554   0x00000554   0x00000078   Code   RO         2207    .text               c_w.l(_printf_dec.o)
    0x000005cc   0x000005cc   0x00000058   Code   RO         2212    .text               c_w.l(_printf_hex_int.o)
    0x00000624   0x00000624   0x00000188   Code   RO         2247    .text               c_w.l(__printf_flags_ss_wp.o)
    0x000007ac   0x000007ac   0x0000003c   Code   RO         2255    .text               c_w.l(__0sscanf.o)
    0x000007e8   0x000007e8   0x0000014c   Code   RO         2257    .text               c_w.l(_scanf_int.o)
    0x00000934   0x00000934   0x0000001a   Code   RO         2259    .text               c_w.l(atoi.o)
    0x0000094e   0x0000094e   0x00000014   Code   RO         2261    .text               c_w.l(strchr.o)
    0x00000962   0x00000962   0x0000003e   Code   RO         2263    .text               c_w.l(strlen.o)
    0x000009a0   0x000009a0   0x00000096   Code   RO         2265    .text               c_w.l(strncmp.o)
    0x00000a36   0x00000a36   0x0000008a   Code   RO         2267    .text               c_w.l(rt_memcpy_v6.o)
    0x00000ac0   0x00000ac0   0x00000064   Code   RO         2269    .text               c_w.l(rt_memcpy_w.o)
    0x00000b24   0x00000b24   0x00000010   Code   RO         2271    .text               c_w.l(aeabi_memset.o)
    0x00000b34   0x00000b34   0x00000044   Code   RO         2273    .text               c_w.l(rt_memclr.o)
    0x00000b78   0x00000b78   0x00000056   Code   RO         2275    .text               c_w.l(strncpy.o)
    0x00000bce   0x00000bce   0x00000002   PAD
    0x00000bd0   0x00000bd0   0x00000080   Code   RO         2277    .text               c_w.l(strcmpv7m.o)
    0x00000c50   0x00000c50   0x00000006   Code   RO         2279    .text               c_w.l(heapauxi.o)
    0x00000c56   0x00000c56   0x00000002   PAD
    0x00000c58   0x00000c58   0x00000008   Code   RO         2287    .text               c_w.l(rt_locale_intlibspace.o)
    0x00000c60   0x00000c60   0x00000008   Code   RO         2292    .text               c_w.l(rt_errno_addr_intlibspace.o)
    0x00000c68   0x00000c68   0x000000b2   Code   RO         2294    .text               c_w.l(_printf_intcommon.o)
    0x00000d1a   0x00000d1a   0x00000002   PAD
    0x00000d1c   0x00000d1c   0x00000030   Code   RO         2296    .text               c_w.l(_printf_char_common.o)
    0x00000d4c   0x00000d4c   0x0000000a   Code   RO         2298    .text               c_w.l(_sputc.o)
    0x00000d56   0x00000d56   0x00000010   Code   RO         2300    .text               c_w.l(_snputc.o)
    0x00000d66   0x00000d66   0x0000002c   Code   RO         2302    .text               c_w.l(_printf_char.o)
    0x00000d92   0x00000d92   0x0000001c   Code   RO         2305    .text               c_w.l(_chval.o)
    0x00000dae   0x00000dae   0x00000002   PAD
    0x00000db0   0x00000db0   0x0000002c   Code   RO         2307    .text               c_w.l(scanf_char.o)
    0x00000ddc   0x00000ddc   0x00000040   Code   RO         2309    .text               c_w.l(_sgetc.o)
    0x00000e1c   0x00000e1c   0x00000070   Code   RO         2311    .text               c_w.l(strtol.o)
    0x00000e8c   0x00000e8c   0x0000004e   Code   RO         2316    .text               c_w.l(rt_memclr_w.o)
    0x00000eda   0x00000eda   0x00000002   PAD
    0x00000edc   0x00000edc   0x00000008   Code   RO         2318    .text               c_w.l(libspace.o)
    0x00000ee4   0x00000ee4   0x00000012   Code   RO         2336    .text               c_w.l(isspace.o)
    0x00000ef6   0x00000ef6   0x00000002   PAD
    0x00000ef8   0x00000ef8   0x00000374   Code   RO         2340    .text               c_w.l(_scanf.o)
    0x0000126c   0x0000126c   0x0000009e   Code   RO         2342    .text               c_w.l(_strtoul.o)
    0x0000130a   0x0000130a   0x0000004a   Code   RO         2389    .text               c_w.l(sys_stackheap_outer.o)
    0x00001354   0x00001354   0x00000012   Code   RO         2391    .text               c_w.l(exit.o)
    0x00001366   0x00001366   0x00000002   PAD
    0x00001368   0x00001368   0x0000000c   Code   RO         2424    .text               c_w.l(sys_exit.o)
    0x00001374   0x00001374   0x00000002   Code   RO         2426    .text               c_w.l(use_no_semi.o)
    0x00001376   0x00001376   0x00000000   Code   RO         2428    .text               c_w.l(indicate_semi.o)
    0x00001376   0x00001376   0x00000002   PAD
    0x00001378   0x00001378   0x00000094   Code   RO            1    i.Beeper_PWM_Init   main.o
    0x0000140c   0x0000140c   0x000000e4   Code   RO            2    i.Boot_Sequence     main.o
    0x000014f0   0x000014f0   0x00000124   Code   RO            3    i.CharToSeg7        main.o
    0x00001614   0x00001614   0x0000000c   Code   RO            4    i.Delay             main.o
    0x00001620   0x00001620   0x0000002c   Code   RO            5    i.Delay_us          main.o
    0x0000164c   0x0000164c   0x00000028   Code   RO          459    i.GPIODirModeSet    driverlib.lib(gpio.o)
    0x00001674   0x00001674   0x00000138   Code   RO          471    i.GPIOPadConfigSet  driverlib.lib(gpio.o)
    0x000017ac   0x000017ac   0x00000044   Code   RO          472    i.GPIOPinConfigure  driverlib.lib(gpio.o)
    0x000017f0   0x000017f0   0x00000006   Code   RO          473    i.GPIOPinRead       driverlib.lib(gpio.o)
    0x000017f6   0x000017f6   0x0000001c   Code   RO          482    i.GPIOPinTypeGPIOInput  driverlib.lib(gpio.o)
    0x00001812   0x00001812   0x0000001c   Code   RO          483    i.GPIOPinTypeGPIOOutput  driverlib.lib(gpio.o)
    0x0000182e   0x0000182e   0x0000001c   Code   RO          486    i.GPIOPinTypeI2C    driverlib.lib(gpio.o)
    0x0000184a   0x0000184a   0x0000001c   Code   RO          487    i.GPIOPinTypeI2CSCL  driverlib.lib(gpio.o)
    0x00001866   0x00001866   0x0000001c   Code   RO          490    i.GPIOPinTypePWM    driverlib.lib(gpio.o)
    0x00001882   0x00001882   0x0000001c   Code   RO          495    i.GPIOPinTypeUART   driverlib.lib(gpio.o)
    0x0000189e   0x0000189e   0x00000006   Code   RO          501    i.GPIOPinWrite      driverlib.lib(gpio.o)
    0x000018a4   0x000018a4   0x00000078   Code   RO            6    i.I2C0_ReadByte     main.o
    0x0000191c   0x0000191c   0x00000074   Code   RO            7    i.I2C0_WriteByte    main.o
    0x00001990   0x00001990   0x0000000c   Code   RO          795    i.I2CMasterBusBusy  driverlib.lib(i2c.o)
    0x0000199c   0x0000199c   0x0000000c   Code   RO          796    i.I2CMasterBusy     driverlib.lib(i2c.o)
    0x000019a8   0x000019a8   0x00000004   Code   RO          797    i.I2CMasterControl  driverlib.lib(i2c.o)
    0x000019ac   0x000019ac   0x00000004   Code   RO          798    i.I2CMasterDataGet  driverlib.lib(i2c.o)
    0x000019b0   0x000019b0   0x00000004   Code   RO          799    i.I2CMasterDataPut  driverlib.lib(i2c.o)
    0x000019b4   0x000019b4   0x0000000a   Code   RO          801    i.I2CMasterEnable   driverlib.lib(i2c.o)
    0x000019be   0x000019be   0x00000018   Code   RO          802    i.I2CMasterErr      driverlib.lib(i2c.o)
    0x000019d6   0x000019d6   0x00000002   PAD
    0x000019d8   0x000019d8   0x00000054   Code   RO          804    i.I2CMasterInitExpClk  driverlib.lib(i2c.o)
    0x00001a2c   0x00001a2c   0x00000008   Code   RO          814    i.I2CMasterSlaveAddrSet  driverlib.lib(i2c.o)
    0x00001a34   0x00001a34   0x00000064   Code   RO         1123    i.IntEnable         driverlib.lib(interrupt.o)
    0x00001a98   0x00001a98   0x0000000e   Code   RO         1126    i.IntMasterEnable   driverlib.lib(interrupt.o)
    0x00001aa6   0x00001aa6   0x00000002   PAD
    0x00001aa8   0x00001aa8   0x0000001c   Code   RO         1131    i.IntPriorityGroupingSet  driverlib.lib(interrupt.o)
    0x00001ac4   0x00001ac4   0x00000004   Code   RO         1132    i.IntPriorityMaskGet  driverlib.lib(interrupt.o)
    0x00001ac8   0x00001ac8   0x00000028   Code   RO         1134    i.IntPrioritySet    driverlib.lib(interrupt.o)
    0x00001af0   0x00001af0   0x00000026   Code   RO         1246    i.PWMGenConfigure   driverlib.lib(pwm.o)
    0x00001b16   0x00001b16   0x0000000a   Code   RO         1247    i.PWMGenDisable     driverlib.lib(pwm.o)
    0x00001b20   0x00001b20   0x0000000a   Code   RO         1248    i.PWMGenEnable      driverlib.lib(pwm.o)
    0x00001b2a   0x00001b2a   0x00000012   Code   RO         1260    i.PWMGenPeriodGet   driverlib.lib(pwm.o)
    0x00001b3c   0x00001b3c   0x00000012   Code   RO         1261    i.PWMGenPeriodSet   driverlib.lib(pwm.o)
    0x00001b4e   0x00001b4e   0x00000010   Code   RO         1268    i.PWMOutputState    driverlib.lib(pwm.o)
    0x00001b5e   0x00001b5e   0x00000020   Code   RO         1271    i.PWMPulseWidthSet  driverlib.lib(pwm.o)
    0x00001b7e   0x00001b7e   0x00000002   PAD
    0x00001b80   0x00001b80   0x00000084   Code   RO            8    i.S800_GPIO_Init    main.o
    0x00001c04   0x00001c04   0x0000008c   Code   RO            9    i.S800_I2C0_Init    main.o
    0x00001c90   0x00001c90   0x0000007c   Code   RO           10    i.S800_UART_Init    main.o
    0x00001d0c   0x00001d0c   0x000000ac   Code   RO           11    i.ShowString        main.o
    0x00001db8   0x00001db8   0x000002ec   Code   RO         1473    i.SysCtlClockFreqSet  driverlib.lib(sysctl.o)
    0x000020a4   0x000020a4   0x00000028   Code   RO         1505    i.SysCtlPeripheralEnable  driverlib.lib(sysctl.o)
    0x000020cc   0x000020cc   0x0000002c   Code   RO         1509    i.SysCtlPeripheralReady  driverlib.lib(sysctl.o)
    0x000020f8   0x000020f8   0x0000000e   Code   RO         1820    i.SysTickEnable     driverlib.lib(systick.o)
    0x00002106   0x00002106   0x0000000e   Code   RO         1821    i.SysTickIntDisable  driverlib.lib(systick.o)
    0x00002114   0x00002114   0x0000000e   Code   RO         1822    i.SysTickIntEnable  driverlib.lib(systick.o)
    0x00002122   0x00002122   0x0000000a   Code   RO         1826    i.SysTickPeriodSet  driverlib.lib(systick.o)
    0x0000212c   0x0000212c   0x000000d0   Code   RO           12    i.SysTick_Handler   main.o
    0x000021fc   0x000021fc   0x00000020   Code   RO          403    i.SystemInit        system_tm4c129.o
    0x0000221c   0x0000221c   0x00000104   Code   RO           13    i.UART0_Handler     main.o
    0x00002320   0x00002320   0x00000010   Code   RO         1889    i.UARTCharGetNonBlocking  driverlib.lib(uart.o)
    0x00002330   0x00002330   0x0000000c   Code   RO         1890    i.UARTCharPut       driverlib.lib(uart.o)
    0x0000233c   0x0000233c   0x0000000a   Code   RO         1892    i.UARTCharsAvail    driverlib.lib(uart.o)
    0x00002346   0x00002346   0x0000006e   Code   RO         1896    i.UARTConfigSetExpClk  driverlib.lib(uart.o)
    0x000023b4   0x000023b4   0x00000006   Code   RO         1906    i.UARTFIFOLevelSet  driverlib.lib(uart.o)
    0x000023ba   0x000023ba   0x00000004   Code   RO         1909    i.UARTIntClear      driverlib.lib(uart.o)
    0x000023be   0x000023be   0x00000008   Code   RO         1911    i.UARTIntEnable     driverlib.lib(uart.o)
    0x000023c6   0x000023c6   0x0000000a   Code   RO         1913    i.UARTIntStatus     driverlib.lib(uart.o)
    0x000023d0   0x000023d0   0x0000001c   Code   RO           14    i.UARTStringPut     main.o
    0x000023ec   0x000023ec   0x0000000e   Code   RO         2240    i._is_digit         c_w.l(__printf_wp.o)
    0x000023fa   0x000023fa   0x00000002   PAD
    0x000023fc   0x000023fc   0x00000154   Code   RO           16    i.alarm_check       main.o
    0x00002550   0x00002550   0x00000030   Code   RO           17    i.alarm_stop        main.o
    0x00002580   0x00002580   0x00000014   Code   RO           18    i.beep_off          main.o
    0x00002594   0x00002594   0x00000020   Code   RO           19    i.beep_on           main.o
    0x000025b4   0x000025b4   0x0000027c   Code   RO           20    i.cmd_get           main.o
    0x00002830   0x00002830   0x0000002c   Code   RO           21    i.cmd_ping          main.o
    0x0000285c   0x0000285c   0x000001f4   Code   RO           22    i.cmd_rst           main.o
    0x00002a50   0x00002a50   0x000003b4   Code   RO           23    i.cmd_set_alarm     main.o
    0x00002e04   0x00002e04   0x0000009c   Code   RO           24    i.cmd_set_beep      main.o
    0x00002ea0   0x00002ea0   0x000001d0   Code   RO           25    i.cmd_set_date      main.o
    0x00003070   0x00003070   0x000000b8   Code   RO           26    i.cmd_set_display   main.o
    0x00003128   0x00003128   0x000000c4   Code   RO           27    i.cmd_set_format    main.o
    0x000031ec   0x000031ec   0x00000168   Code   RO           28    i.cmd_set_key       main.o
    0x00003354   0x00003354   0x000000e0   Code   RO           29    i.cmd_set_led       main.o
    0x00003434   0x00003434   0x000000d8   Code   RO           30    i.cmd_set_mode      main.o
    0x0000350c   0x0000350c   0x000000ac   Code   RO           31    i.cmd_set_msg       main.o
    0x000035b8   0x000035b8   0x000001d0   Code   RO           32    i.cmd_set_time      main.o
    0x00003788   0x00003788   0x00000158   Code   RO           33    i.cmd_set_wea       main.o
    0x000038e0   0x000038e0   0x00000100   Code   RO           34    i.edit_enter        main.o
    0x000039e0   0x000039e0   0x000001e8   Code   RO           35    i.edit_exit         main.o
    0x00003bc8   0x00003bc8   0x00000002   Code   RO           36    i.edit_tick         main.o
    0x00003bca   0x00003bca   0x00000002   PAD
    0x00003bcc   0x00003bcc   0x00000024   Code   RO           37    i.get_days_in_month  main.o
    0x00003bf0   0x00003bf0   0x00000034   Code   RO           38    i.is_leap_year      main.o
    0x00003c24   0x00003c24   0x000004a8   Code   RO           39    i.key_action        main.o
    0x000040cc   0x000040cc   0x00000138   Code   RO           40    i.key_scan          main.o
    0x00004204   0x00004204   0x00000198   Code   RO           41    i.led_update        main.o
    0x0000439c   0x0000439c   0x000003cc   Code   RO           42    i.main              main.o
    0x00004768   0x00004768   0x00000070   Code   RO           43    i.match_abbrev      main.o
    0x000047d8   0x000047d8   0x000004f0   Code   RO           44    i.process_uart_command  main.o
    0x00004cc8   0x00004cc8   0x0000003c   Code   RO           45    i.send_event_alarm  main.o
    0x00004d04   0x00004d04   0x00000078   Code   RO           46    i.send_event_disp   main.o
    0x00004d7c   0x00004d7c   0x00000034   Code   RO           47    i.send_event_edit   main.o
    0x00004db0   0x00004db0   0x00000038   Code   RO           48    i.send_event_key    main.o
    0x00004de8   0x00004de8   0x00000030   Code   RO           49    i.send_event_led    main.o
    0x00004e18   0x00004e18   0x0000002c   Code   RO           50    i.send_event_mode   main.o
    0x00004e44   0x00004e44   0x00000018   Code   RO           51    i.send_response     main.o
    0x00004e5c   0x00004e5c   0x0000039c   Code   RO           52    i.update_display    main.o
    0x000051f8   0x000051f8   0x000000bc   Code   RO           53    i.update_time       main.o
    0x000052b4   0x000052b4   0x0000002c   Code   RO         2314    locale$$code        c_w.l(lc_ctype_c.o)
    0x000052e0   0x000052e0   0x0000000a   Code   RO         2401    x$fpl$fpinit        fz_wm.l(fpinit.o)
    0x000052ea   0x000052ea   0x00000002   PAD
    0x000052ec   0x000052ec   0x00000028   Data   RO           55    .constdata          main.o
    0x00005314   0x00005314   0x00000228   Data   RO          503    .constdata          driverlib.lib(gpio.o)
    0x0000553c   0x0000553c   0x0000010c   Data   RO         1139    .constdata          driverlib.lib(interrupt.o)
    0x00005648   0x00005648   0x00000254   Data   RO         1527    .constdata          driverlib.lib(sysctl.o)
    0x0000589c   0x0000589c   0x00000028   Data   RO         2213    .constdata          c_w.l(_printf_hex_int.o)
    0x000058c4   0x000058c4   0x00000011   Data   RO         2248    .constdata          c_w.l(__printf_flags_ss_wp.o)
    0x000058d5   0x000058d5   0x00000003   PAD
    0x000058d8   0x000058d8   0x000000b9   Data   RO           56    .conststring        main.o
    0x00005991   0x00005991   0x00000003   PAD
    0x00005994   0x00005994   0x00000020   Data   RO         2478    Region$$Table       anon$$obj.o
    0x000059b4   0x000059b4   0x00000110   Data   RO         2313    locale$$data        c_w.l(lc_ctype_c.o)


    Execution Region RW_IRAM1 (Exec base: 0x20000000, Load base: 0x00005ac4, Size: 0x000004a0, Max: 0x00040000, ABSOLUTE)

    Exec Addr    Load Addr    Size         Type   Attr      Idx    E Section Name        Object

    0x20000000   0x00005ac4   0x00000106   Data   RW           57    .data               main.o
    0x20000106   0x00005bca   0x00000002   PAD
    0x20000108   0x00005bcc   0x00000004   Data   RW          404    .data               system_tm4c129.o
    0x2000010c        -       0x00000134   Zero   RW           54    .bss                main.o
    0x20000240        -       0x00000060   Zero   RW         2319    .bss                c_w.l(libspace.o)
    0x200002a0        -       0x00000000   Zero   RW          392    HEAP                startup_tm4c129.o
    0x200002a0        -       0x00000200   Zero   RW          391    STACK               startup_tm4c129.o


==============================================================================

Image component sizes


      Code (inc. data)   RO Data    RW Data    ZI Data      Debug   Object Name

     13982       2898        225        262        308      48409   main.o
       300         22        512          0        512       6028   startup_tm4c129.o
        32         12          0          4          0        699   system_tm4c129.o

    ----------------------------------------------------------------------
     14316       2932        772        268        820      55136   Object Totals
         0          0         32          0          0          0   (incl. Generated)
         2          0          3          2          0          0   (incl. Padding)

    ----------------------------------------------------------------------

      Code (inc. data)   RO Data    RW Data    ZI Data      Debug   Library Member Name

        60          8          0          0          0         84   __0sscanf.o
        56          6          0          0          0         88   __2snprintf.o
        44          6          0          0          0         84   __2sprintf.o
         8          0          0          0          0         68   __main.o
       392          4         17          0          0         92   __printf_flags_ss_wp.o
        14          0          0          0          0         68   __printf_wp.o
         0          0          0          0          0          0   __rtentry.o
        12          0          0          0          0          0   __rtentry2.o
         6          0          0          0          0          0   __rtentry4.o
        52          8          0          0          0          0   __scatter.o
        26          0          0          0          0          0   __scatter_copy.o
        28          0          0          0          0          0   __scatter_zi.o
        28          0          0          0          0         68   _chval.o
        44          0          0          0          0        108   _printf_char.o
        48          6          0          0          0         96   _printf_char_common.o
         6          0          0          0          0          0   _printf_d.o
       120         16          0          0          0         92   _printf_dec.o
        88          4         40          0          0         88   _printf_hex_int.o
       178          0          0          0          0         88   _printf_intcommon.o
        78          0          0          0          0        108   _printf_pad.o
         0          0          0          0          0          0   _printf_percent.o
         4          0          0          0          0          0   _printf_percent_end.o
         6          0          0          0          0          0   _printf_s.o
        82          0          0          0          0         80   _printf_str.o
         6          0          0          0          0          0   _printf_u.o
         6          0          0          0          0          0   _printf_x.o
       884          6          0          0          0        100   _scanf.o
       332          0          0          0          0         96   _scanf_int.o
        64          0          0          0          0         84   _sgetc.o
        16          0          0          0          0         68   _snputc.o
        10          0          0          0          0         68   _sputc.o
       158          0          0          0          0         92   _strtoul.o
        16          0          0          0          0         68   aeabi_memset.o
        26          0          0          0          0         80   atoi.o
        18          0          0          0          0         80   exit.o
         6          0          0          0          0        152   heapauxi.o
         0          0          0          0          0          0   indicate_semi.o
        18          0          0          0          0         76   isspace.o
        44         10        272          0          0         76   lc_ctype_c.o
         2          0          0          0          0          0   libinit.o
        24          0          0          0          0          0   libinit2.o
         2          0          0          0          0          0   libshutdown.o
         2          0          0          0          0          0   libshutdown2.o
         8          4          0          0         96         68   libspace.o
        16          4          0          0          0         76   rt_ctype_table.o
         8          4          0          0          0         68   rt_errno_addr_intlibspace.o
         8          4          0          0          0         68   rt_locale_intlibspace.o
        68          0          0          0          0         68   rt_memclr.o
        78          0          0          0          0         80   rt_memclr_w.o
       138          0          0          0          0         68   rt_memcpy_v6.o
       100          0          0          0          0         80   rt_memcpy_w.o
         2          0          0          0          0          0   rtexit.o
        10          0          0          0          0          0   rtexit2.o
        44          8          0          0          0         84   scanf_char.o
        20          0          0          0          0         68   strchr.o
       128          0          0          0          0         68   strcmpv7m.o
        62          0          0          0          0         76   strlen.o
       150          0          0          0          0         80   strncmp.o
        86          0          0          0          0         76   strncpy.o
       112          0          0          0          0         88   strtol.o
        12          4          0          0          0         68   sys_exit.o
        74          0          0          0          0         80   sys_stackheap_outer.o
        30          0          0          0          0         76   toupper.o
         2          0          0          0          0         68   use_no_semi.o
        38          0          0          0          0        560   cpu.o
       600          8        552          0          0      10983   gpio.o
       162         12          0          0          0       5710   i2c.o
       186         20        268          0          0       3593   interrupt.o
       142          0          0          0          0       3909   pwm.o
       832         50        596          0          0       5390   sysctl.o
        52          0          0          0          0       1850   systick.o
       176          0          0          0          0       5393   uart.o
        10          0          0          0          0        116   fpinit.o

    ----------------------------------------------------------------------
      6400        192       1748          0         96      41164   Library Totals
        32          0          3          0          0          0   (incl. Padding)

    ----------------------------------------------------------------------

      Code (inc. data)   RO Data    RW Data    ZI Data      Debug   Library Name

      4170        102        329          0         96       3660   c_w.l
      2188         90       1416          0          0      37388   driverlib.lib
        10          0          0          0          0        116   fz_wm.l

    ----------------------------------------------------------------------
      6400        192       1748          0         96      41164   Library Totals

    ----------------------------------------------------------------------

==============================================================================


      Code (inc. data)   RO Data    RW Data    ZI Data      Debug   

     20716       3124       2520        268        916      84968   Grand Totals
     20716       3124       2520        268        916      84968   ELF Image Totals
     20716       3124       2520        268          0          0   ROM Totals

==============================================================================

    Total RO  Size (Code + RO Data)                23236 (  22.69kB)
    Total RW  Size (RW Data + ZI Data)              1184 (   1.16kB)
    Total ROM Size (Code + RO Data + RW Data)      23504 (  22.95kB)

==============================================================================

